2025-06-30T20:14:53.5736570Z Current runner version: '2.325.0'
2025-06-30T20:14:53.5772827Z ##[group]Operating System
2025-06-30T20:14:53.5774132Z Ubuntu
2025-06-30T20:14:53.5774864Z 24.04.2
2025-06-30T20:14:53.5775594Z LTS
2025-06-30T20:14:53.5776335Z ##[endgroup]
2025-06-30T20:14:53.5777148Z ##[group]Runner Image
2025-06-30T20:14:53.5778334Z Image: ubuntu-24.04
2025-06-30T20:14:53.5779216Z Version: 20250622.1.0
2025-06-30T20:14:53.5780931Z Included Software: https://github.com/actions/runner-images/blob/ubuntu24/20250622.1/images/ubuntu/Ubuntu2404-Readme.md
2025-06-30T20:14:53.5783250Z Image Release: https://github.com/actions/runner-images/releases/tag/ubuntu24%2F20250622.1
2025-06-30T20:14:53.5784935Z ##[endgroup]
2025-06-30T20:14:53.5785775Z ##[group]Runner Image Provisioner
2025-06-30T20:14:53.5786768Z 2.0.437.1
2025-06-30T20:14:53.5787627Z ##[endgroup]
2025-06-30T20:14:53.5792028Z ##[group]GITHUB_TOKEN Permissions
2025-06-30T20:14:53.5795193Z Actions: write
2025-06-30T20:14:53.5796449Z Attestations: write
2025-06-30T20:14:53.5797612Z Checks: write
2025-06-30T20:14:53.5798578Z Contents: write
2025-06-30T20:14:53.5799453Z Deployments: write
2025-06-30T20:14:53.5800289Z Discussions: write
2025-06-30T20:14:53.5801190Z Issues: write
2025-06-30T20:14:53.5801984Z Metadata: read
2025-06-30T20:14:53.5802861Z Models: read
2025-06-30T20:14:53.5803851Z Packages: write
2025-06-30T20:14:53.5804768Z Pages: write
2025-06-30T20:14:53.5805551Z PullRequests: write
2025-06-30T20:14:53.5806636Z RepositoryProjects: write
2025-06-30T20:14:53.5807786Z SecurityEvents: write
2025-06-30T20:14:53.5808664Z Statuses: write
2025-06-30T20:14:53.5809478Z ##[endgroup]
2025-06-30T20:14:53.5812473Z Secret source: Actions
2025-06-30T20:14:53.5813734Z Prepare workflow directory
2025-06-30T20:14:53.6189016Z Prepare all required actions
2025-06-30T20:14:53.6243587Z Getting action download info
2025-06-30T20:14:53.9308654Z Download action repository 'actions/checkout@8ade135a41bc03ea155e62e844d188df1ea18608' (SHA:8ade135a41bc03ea155e62e844d188df1ea18608)
2025-06-30T20:14:54.0771877Z Complete job name: createChecklist
2025-06-30T20:14:54.1528039Z ##[group]Run actions/checkout@8ade135a41bc03ea155e62e844d188df1ea18608
2025-06-30T20:14:54.1529082Z with:
2025-06-30T20:14:54.1529515Z   repository: Expensify/App-Test-Fork
2025-06-30T20:14:54.1530173Z   token: ***
2025-06-30T20:14:54.1530587Z   ssh-strict: true
2025-06-30T20:14:54.1531025Z   persist-credentials: true
2025-06-30T20:14:54.1531458Z   clean: true
2025-06-30T20:14:54.1531882Z   sparse-checkout-cone-mode: true
2025-06-30T20:14:54.1532353Z   fetch-depth: 1
2025-06-30T20:14:54.1532741Z   fetch-tags: false
2025-06-30T20:14:54.1533136Z   show-progress: true
2025-06-30T20:14:54.1533539Z   lfs: false
2025-06-30T20:14:54.1533905Z   submodules: false
2025-06-30T20:14:54.1534339Z   set-safe-directory: true
2025-06-30T20:14:54.1534967Z ##[endgroup]
2025-06-30T20:14:54.3098827Z Syncing repository: Expensify/App-Test-Fork
2025-06-30T20:14:54.3100497Z ##[group]Getting Git version info
2025-06-30T20:14:54.3101235Z Working directory is '/home/runner/work/App-Test-Fork/App-Test-Fork'
2025-06-30T20:14:54.3102316Z [command]/usr/bin/git version
2025-06-30T20:14:54.3152437Z git version 2.49.0
2025-06-30T20:14:54.3181643Z ##[endgroup]
2025-06-30T20:14:54.3200696Z Temporarily overriding HOME='/home/runner/work/_temp/c3b7834d-5f48-49c7-9b8c-3bcb39760ec2' before making global git config changes
2025-06-30T20:14:54.3203069Z Adding repository directory to the temporary git global config as a safe directory
2025-06-30T20:14:54.3205278Z [command]/usr/bin/git config --global --add safe.directory /home/runner/work/App-Test-Fork/App-Test-Fork
2025-06-30T20:14:54.3237708Z Deleting the contents of '/home/runner/work/App-Test-Fork/App-Test-Fork'
2025-06-30T20:14:54.3241123Z ##[group]Initializing the repository
2025-06-30T20:14:54.3244185Z [command]/usr/bin/git init /home/runner/work/App-Test-Fork/App-Test-Fork
2025-06-30T20:14:54.3316876Z hint: Using 'master' as the name for the initial branch. This default branch name
2025-06-30T20:14:54.3318341Z hint: is subject to change. To configure the initial branch name to use in all
2025-06-30T20:14:54.3319912Z hint: of your new repositories, which will suppress this warning, call:
2025-06-30T20:14:54.3321049Z hint:
2025-06-30T20:14:54.3321810Z hint: 	git config --global init.defaultBranch <name>
2025-06-30T20:14:54.3322719Z hint:
2025-06-30T20:14:54.3323605Z hint: Names commonly chosen instead of 'master' are 'main', 'trunk' and
2025-06-30T20:14:54.3324716Z hint: 'development'. The just-created branch can be renamed via this command:
2025-06-30T20:14:54.3325447Z hint:
2025-06-30T20:14:54.3325861Z hint: 	git branch -m <name>
2025-06-30T20:14:54.3326628Z Initialized empty Git repository in /home/runner/work/App-Test-Fork/App-Test-Fork/.git/
2025-06-30T20:14:54.3331930Z [command]/usr/bin/git remote add origin https://github.com/Expensify/App-Test-Fork
2025-06-30T20:14:54.3362406Z ##[endgroup]
2025-06-30T20:14:54.3363126Z ##[group]Disabling automatic garbage collection
2025-06-30T20:14:54.3365052Z [command]/usr/bin/git config --local gc.auto 0
2025-06-30T20:14:54.3390266Z ##[endgroup]
2025-06-30T20:14:54.3390932Z ##[group]Setting up auth
2025-06-30T20:14:54.3395346Z [command]/usr/bin/git config --local --name-only --get-regexp core\.sshCommand
2025-06-30T20:14:54.3421126Z [command]/usr/bin/git submodule foreach --recursive sh -c "git config --local --name-only --get-regexp 'core\.sshCommand' && git config --local --unset-all 'core.sshCommand' || :"
2025-06-30T20:14:54.3693432Z [command]/usr/bin/git config --local --name-only --get-regexp http\.https\:\/\/github\.com\/\.extraheader
2025-06-30T20:14:54.3718302Z [command]/usr/bin/git submodule foreach --recursive sh -c "git config --local --name-only --get-regexp 'http\.https\:\/\/github\.com\/\.extraheader' && git config --local --unset-all 'http.https://github.com/.extraheader' || :"
2025-06-30T20:14:54.3927762Z [command]/usr/bin/git config --local http.https://github.com/.extraheader AUTHORIZATION: basic ***
2025-06-30T20:14:54.3958391Z ##[endgroup]
2025-06-30T20:14:54.3959166Z ##[group]Fetching the repository
2025-06-30T20:14:54.3967105Z [command]/usr/bin/git -c protocol.version=2 fetch --no-tags --prune --no-recurse-submodules --depth=1 origin +6778d8934c4f19c44a2c83c32b09962640b75e61:refs/remotes/origin/jules-buildChecklistFromOctokitAPI
2025-06-30T20:14:57.4963375Z From https://github.com/Expensify/App-Test-Fork
2025-06-30T20:14:57.4965852Z  * [new ref]         6778d8934c4f19c44a2c83c32b09962640b75e61 -> origin/jules-buildChecklistFromOctokitAPI
2025-06-30T20:14:57.4996501Z ##[endgroup]
2025-06-30T20:14:57.4997218Z ##[group]Determining the checkout info
2025-06-30T20:14:57.4998987Z ##[endgroup]
2025-06-30T20:14:57.4999666Z ##[group]Checking out the ref
2025-06-30T20:14:57.5004470Z [command]/usr/bin/git checkout --progress --force -B jules-buildChecklistFromOctokitAPI refs/remotes/origin/jules-buildChecklistFromOctokitAPI
2025-06-30T20:14:58.3246545Z Switched to a new branch 'jules-buildChecklistFromOctokitAPI'
2025-06-30T20:14:58.3250269Z branch 'jules-buildChecklistFromOctokitAPI' set up to track 'origin/jules-buildChecklistFromOctokitAPI'.
2025-06-30T20:14:58.3286470Z ##[endgroup]
2025-06-30T20:14:58.3322794Z [command]/usr/bin/git log -1 --format='%H'
2025-06-30T20:14:58.3345617Z '6778d8934c4f19c44a2c83c32b09962640b75e61'
2025-06-30T20:14:58.3656714Z Prepare all required actions
2025-06-30T20:14:58.3657225Z Getting action download info
2025-06-30T20:14:58.5456975Z Download action repository 'actions/setup-node@cdca7365b2dadb8aad0a33bc7601856ffabcc48e' (SHA:cdca7365b2dadb8aad0a33bc7601856ffabcc48e)
2025-06-30T20:14:58.6333183Z Download action repository 'actions/cache@1bd1e32a3bdc45362d1e726936510720a7c30a57' (SHA:1bd1e32a3bdc45362d1e726936510720a7c30a57)
2025-06-30T20:14:58.7377980Z Download action repository 'nick-fields/retry@3f757583fb1b1f940bc8ef4bf4734c8dc02a5847' (SHA:3f757583fb1b1f940bc8ef4bf4734c8dc02a5847)
2025-06-30T20:14:59.2449481Z ##[group]Run ./.github/actions/composite/setupNode
2025-06-30T20:14:59.2449823Z with:
2025-06-30T20:14:59.2450037Z   IS_HYBRID_BUILD: false
2025-06-30T20:14:59.2450478Z   IS_DESKTOP_BUILD: false
2025-06-30T20:14:59.2450722Z ##[endgroup]
2025-06-30T20:14:59.2600719Z ##[group]Run jq 'del(.version, .packages[""].version)' package-lock.json > normalized-package-lock.json
2025-06-30T20:14:59.2601495Z [36;1mjq 'del(.version, .packages[""].version)' package-lock.json > normalized-package-lock.json[0m
2025-06-30T20:14:59.2697263Z shell: /usr/bin/bash --noprofile --norc -e -o pipefail {0}
2025-06-30T20:14:59.2697889Z ##[endgroup]
2025-06-30T20:14:59.3286969Z ##[group]Run actions/setup-node@cdca7365b2dadb8aad0a33bc7601856ffabcc48e
2025-06-30T20:14:59.3287537Z with:
2025-06-30T20:14:59.3287749Z   node-version-file: .nvmrc
2025-06-30T20:14:59.3288012Z   cache: npm
2025-06-30T20:14:59.3288392Z   cache-dependency-path: normalized-package-lock.json
desktop/package-lock.json

2025-06-30T20:14:59.3288820Z   always-auth: false
2025-06-30T20:14:59.3289051Z   check-latest: false
2025-06-30T20:14:59.3289403Z   token: ***
2025-06-30T20:14:59.3289615Z ##[endgroup]
2025-06-30T20:14:59.4954007Z Node version file is not JSON file
2025-06-30T20:14:59.4955399Z Resolved .nvmrc as 20.19.1
2025-06-30T20:14:59.4966361Z Attempting to download 20.19.1...
2025-06-30T20:15:00.0508063Z Acquiring 20.19.1 - x64 from https://github.com/actions/node-versions/releases/download/20.19.1-14598289899/node-20.19.1-linux-x64.tar.gz
2025-06-30T20:15:00.7598199Z Extracting ...
2025-06-30T20:15:00.7697800Z [command]/usr/bin/tar xz --strip 1 --warning=no-unknown-keyword --overwrite -C /home/runner/work/_temp/fefe0279-4e84-470e-82f4-00dbc1f3f605 -f /home/runner/work/_temp/d74cb7cc-b679-4306-8033-b1e8e5633dad
2025-06-30T20:15:01.7589983Z Adding to the cache ...
2025-06-30T20:15:03.3866824Z ##[group]Environment details
2025-06-30T20:15:03.5999843Z node: v20.19.1
2025-06-30T20:15:03.6000130Z npm: 10.8.2
2025-06-30T20:15:03.6000296Z yarn: 1.22.22
2025-06-30T20:15:03.6001669Z ##[endgroup]
2025-06-30T20:15:03.6019674Z [command]/opt/hostedtoolcache/node/20.19.1/x64/bin/npm config get cache
2025-06-30T20:15:03.6997499Z /home/runner/.npm
2025-06-30T20:15:03.8823922Z Cache hit for: node-cache-Linux-x64-npm-84961ce3d6d3238c05d15d57e4c47327aefa8ed034b0a8804bb7237089fd0995
2025-06-30T20:15:05.0501509Z Received 83886080 of 692707400 (12.1%), 79.8 MBs/sec
2025-06-30T20:15:06.0506268Z Received 264241152 of 692707400 (38.1%), 125.7 MBs/sec
2025-06-30T20:15:07.0515377Z Received 402653184 of 692707400 (58.1%), 127.8 MBs/sec
2025-06-30T20:15:08.0527894Z Received 557842432 of 692707400 (80.5%), 132.8 MBs/sec
2025-06-30T20:15:08.9320656Z Received 692707400 of 692707400 (100.0%), 135.2 MBs/sec
2025-06-30T20:15:08.9321899Z Cache Size: ~661 MB (692707400 B)
2025-06-30T20:15:08.9353911Z [command]/usr/bin/tar -xf /home/runner/work/_temp/94f0f2a5-624d-492c-b2ac-c3dd11ee301b/cache.tzst -P -C /home/runner/work/App-Test-Fork/App-Test-Fork --use-compress-program unzstd
2025-06-30T20:15:11.4487524Z Cache restored successfully
2025-06-30T20:15:11.5857698Z Cache restored from key: node-cache-Linux-x64-npm-84961ce3d6d3238c05d15d57e4c47327aefa8ed034b0a8804bb7237089fd0995
2025-06-30T20:15:11.8928957Z ##[group]Run actions/cache@1bd1e32a3bdc45362d1e726936510720a7c30a57
2025-06-30T20:15:11.8929328Z with:
2025-06-30T20:15:11.8929495Z   path: node_modules
2025-06-30T20:15:11.8930181Z   key: Linux-node-modules-22462d0390dd184f16a9fa5f320c689918ae46b3cc6e1b5080f22a19aebc6baf
2025-06-30T20:15:11.8930633Z   enableCrossOsArchive: false
2025-06-30T20:15:11.8930859Z   fail-on-cache-miss: false
2025-06-30T20:15:11.8931080Z   lookup-only: false
2025-06-30T20:15:11.8931256Z   save-always: false
2025-06-30T20:15:11.8931436Z ##[endgroup]
2025-06-30T20:15:12.1877676Z Cache hit for: Linux-node-modules-22462d0390dd184f16a9fa5f320c689918ae46b3cc6e1b5080f22a19aebc6baf
2025-06-30T20:15:13.3257151Z Received 113246208 of 553223826 (20.5%), 108.1 MBs/sec
2025-06-30T20:15:14.3272682Z Received 268435456 of 553223826 (48.5%), 127.9 MBs/sec
2025-06-30T20:15:15.3280814Z Received 436207616 of 553223826 (78.8%), 138.6 MBs/sec
2025-06-30T20:15:16.0685783Z Received 553223826 of 553223826 (100.0%), 141.0 MBs/sec
2025-06-30T20:15:16.0734967Z Cache Size: ~528 MB (553223826 B)
2025-06-30T20:15:16.0788195Z [command]/usr/bin/tar -xf /home/runner/work/_temp/c1a581b9-6d4b-4365-90d2-7366ebe16730/cache.tzst -P -C /home/runner/work/App-Test-Fork/App-Test-Fork --use-compress-program unzstd
2025-06-30T20:15:25.1074396Z Cache restored successfully
2025-06-30T20:15:25.2200749Z Cache restored from key: Linux-node-modules-22462d0390dd184f16a9fa5f320c689918ae46b3cc6e1b5080f22a19aebc6baf
2025-06-30T20:15:25.2375074Z ##[group]Run ./.github/actions/javascript/createOrUpdateStagingDeploy
2025-06-30T20:15:25.2375438Z with:
2025-06-30T20:15:25.2375837Z   GITHUB_TOKEN: ***
2025-06-30T20:15:25.2376019Z ##[endgroup]
2025-06-30T20:15:25.6833735Z Latest StagingDeployCash is open, updating it instead of creating a new one. Current: {
2025-06-30T20:15:25.6834863Z   url: 'https://api.github.com/repos/Expensify/App-Test-Fork/issues/74',
2025-06-30T20:15:25.6835726Z   repository_url: 'https://api.github.com/repos/Expensify/App-Test-Fork',
2025-06-30T20:15:25.6836817Z   labels_url: 'https://api.github.com/repos/Expensify/App-Test-Fork/issues/74/labels{/name}',
2025-06-30T20:15:25.6837786Z   comments_url: 'https://api.github.com/repos/Expensify/App-Test-Fork/issues/74/comments',
2025-06-30T20:15:25.6838714Z   events_url: 'https://api.github.com/repos/Expensify/App-Test-Fork/issues/74/events',
2025-06-30T20:15:25.6839721Z   html_url: 'https://github.com/Expensify/App-Test-Fork/issues/74',
2025-06-30T20:15:25.6840457Z   id: 3177269565,
2025-06-30T20:15:25.6840960Z   node_id: 'I_kwDON1Y9IM69YUk9',
2025-06-30T20:15:25.6841411Z   number: 74,
2025-06-30T20:15:25.6841953Z   title: 'Deploy Checklist: New Expensify 2025-06-25',
2025-06-30T20:15:25.6842526Z   user: {
2025-06-30T20:15:25.6842965Z     login: 'github-actions[bot]',
2025-06-30T20:15:25.6843458Z     id: 41898282,
2025-06-30T20:15:25.6843925Z     node_id: 'MDM6Qm90NDE4OTgyODI=',
2025-06-30T20:15:25.6844760Z     avatar_url: 'https://avatars.githubusercontent.com/in/15368?v=4',
2025-06-30T20:15:25.6845537Z     gravatar_id: '',
2025-06-30T20:15:25.6846213Z     url: 'https://api.github.com/users/github-actions%5Bbot%5D',
2025-06-30T20:15:25.6847097Z     html_url: 'https://github.com/apps/github-actions',
2025-06-30T20:15:25.6848366Z     followers_url: 'https://api.github.com/users/github-actions%5Bbot%5D/followers',
2025-06-30T20:15:25.6849793Z     following_url: 'https://api.github.com/users/github-actions%5Bbot%5D/following{/other_user}',
2025-06-30T20:15:25.6850889Z     gists_url: 'https://api.github.com/users/github-actions%5Bbot%5D/gists{/gist_id}',
2025-06-30T20:15:25.6851943Z     starred_url: 'https://api.github.com/users/github-actions%5Bbot%5D/starred{/owner}{/repo}',
2025-06-30T20:15:25.6853071Z     subscriptions_url: 'https://api.github.com/users/github-actions%5Bbot%5D/subscriptions',
2025-06-30T20:15:25.6854110Z     organizations_url: 'https://api.github.com/users/github-actions%5Bbot%5D/orgs',
2025-06-30T20:15:25.6855031Z     repos_url: 'https://api.github.com/users/github-actions%5Bbot%5D/repos',
2025-06-30T20:15:25.6855978Z     events_url: 'https://api.github.com/users/github-actions%5Bbot%5D/events{/privacy}',
2025-06-30T20:15:25.6857056Z     received_events_url: 'https://api.github.com/users/github-actions%5Bbot%5D/received_events',
2025-06-30T20:15:25.6857993Z     type: 'Bot',
2025-06-30T20:15:25.6858335Z     user_view_type: 'public',
2025-06-30T20:15:25.6858718Z     site_admin: false
2025-06-30T20:15:25.6859046Z   },
2025-06-30T20:15:25.6859327Z   labels: [
2025-06-30T20:15:25.6859614Z     {
2025-06-30T20:15:25.6859958Z       id: 8346567443,
2025-06-30T20:15:25.6860385Z       node_id: 'LA_kwDON1Y9IM8AAAAB8X6DEw',
2025-06-30T20:15:25.6861198Z       url: 'https://api.github.com/repos/Expensify/App-Test-Fork/labels/StagingDeployCash',
2025-06-30T20:15:25.6861954Z       name: 'StagingDeployCash',
2025-06-30T20:15:25.6862341Z       color: '0e8a16',
2025-06-30T20:15:25.6862673Z       default: false,
2025-06-30T20:15:25.6863000Z       description: ''
2025-06-30T20:15:25.6863726Z     }
2025-06-30T20:15:25.6863988Z   ],
2025-06-30T20:15:25.6864242Z   state: 'open',
2025-06-30T20:15:25.6864549Z   locked: false,
2025-06-30T20:15:25.6864839Z   assignee: {
2025-06-30T20:15:25.6865148Z     login: 'applausebot',
2025-06-30T20:15:25.6865492Z     id: 37909753,
2025-06-30T20:15:25.6865875Z     node_id: 'MDQ6VXNlcjM3OTA5NzUz',
2025-06-30T20:15:25.6866548Z     avatar_url: 'https://avatars.githubusercontent.com/u/37909753?v=4',
2025-06-30T20:15:25.6867653Z     gravatar_id: '',
2025-06-30T20:15:25.6868151Z     url: 'https://api.github.com/users/applausebot',
2025-06-30T20:15:25.6868750Z     html_url: 'https://github.com/applausebot',
2025-06-30T20:15:25.6869473Z     followers_url: 'https://api.github.com/users/applausebot/followers',
2025-06-30T20:15:25.6870382Z     following_url: 'https://api.github.com/users/applausebot/following{/other_user}',
2025-06-30T20:15:25.6871417Z     gists_url: 'https://api.github.com/users/applausebot/gists{/gist_id}',
2025-06-30T20:15:25.6872360Z     starred_url: 'https://api.github.com/users/applausebot/starred{/owner}{/repo}',
2025-06-30T20:15:25.6873035Z     subscriptions_url: 'https://api.github.com/users/applausebot/subscriptions',
2025-06-30T20:15:25.6873556Z     organizations_url: 'https://api.github.com/users/applausebot/orgs',
2025-06-30T20:15:25.6873993Z     repos_url: 'https://api.github.com/users/applausebot/repos',
2025-06-30T20:15:25.6874446Z     events_url: 'https://api.github.com/users/applausebot/events{/privacy}',
2025-06-30T20:15:25.6874953Z     received_events_url: 'https://api.github.com/users/applausebot/received_events',
2025-06-30T20:15:25.6875316Z     type: 'User',
2025-06-30T20:15:25.6875512Z     user_view_type: 'public',
2025-06-30T20:15:25.6875722Z     site_admin: false
2025-06-30T20:15:25.6875919Z   },
2025-06-30T20:15:25.6876125Z   assignees: [
2025-06-30T20:15:25.6876285Z     {
2025-06-30T20:15:25.6876449Z       login: 'applausebot',
2025-06-30T20:15:25.6876646Z       id: 37909753,
2025-06-30T20:15:25.6876861Z       node_id: 'MDQ6VXNlcjM3OTA5NzUz',
2025-06-30T20:15:25.6877234Z       avatar_url: 'https://avatars.githubusercontent.com/u/37909753?v=4',
2025-06-30T20:15:25.6877811Z       gravatar_id: '',
2025-06-30T20:15:25.6878067Z       url: 'https://api.github.com/users/applausebot',
2025-06-30T20:15:25.6878396Z       html_url: 'https://github.com/applausebot',
2025-06-30T20:15:25.6878789Z       followers_url: 'https://api.github.com/users/applausebot/followers',
2025-06-30T20:15:25.6879293Z       following_url: 'https://api.github.com/users/applausebot/following{/other_user}',
2025-06-30T20:15:25.6879788Z       gists_url: 'https://api.github.com/users/applausebot/gists{/gist_id}',
2025-06-30T20:15:25.6880267Z       starred_url: 'https://api.github.com/users/applausebot/starred{/owner}{/repo}',
2025-06-30T20:15:25.6880787Z       subscriptions_url: 'https://api.github.com/users/applausebot/subscriptions',
2025-06-30T20:15:25.6881781Z       organizations_url: 'https://api.github.com/users/applausebot/orgs',
2025-06-30T20:15:25.6882611Z       repos_url: 'https://api.github.com/users/applausebot/repos',
2025-06-30T20:15:25.6883232Z       events_url: 'https://api.github.com/users/applausebot/events{/privacy}',
2025-06-30T20:15:25.6883739Z       received_events_url: 'https://api.github.com/users/applausebot/received_events',
2025-06-30T20:15:25.6884110Z       type: 'User',
2025-06-30T20:15:25.6884314Z       user_view_type: 'public',
2025-06-30T20:15:25.6884536Z       site_admin: false
2025-06-30T20:15:25.6884731Z     }
2025-06-30T20:15:25.6884879Z   ],
2025-06-30T20:15:25.6885035Z   milestone: null,
2025-06-30T20:15:25.6885206Z   comments: 0,
2025-06-30T20:15:25.6885412Z   created_at: '2025-06-25T23:58:20Z',
2025-06-30T20:15:25.6885656Z   updated_at: '2025-06-26T00:00:22Z',
2025-06-30T20:15:25.6885874Z   closed_at: null,
2025-06-30T20:15:25.6886053Z   author_association: 'NONE',
2025-06-30T20:15:25.6886259Z   type: null,
2025-06-30T20:15:25.6886438Z   active_lock_reason: null,
2025-06-30T20:15:25.6886764Z   sub_issues_summary: { total: 0, completed: 0, percent_completed: 0 },
2025-06-30T20:15:25.6887580Z   body: '**Release Version:** `9.1.71-8`\r\n' +
2025-06-30T20:15:25.6888099Z     '**Compare Changes:** https://github.com/Expensify/App-Test-Fork/compare/production...staging\r\n' +
2025-06-30T20:15:25.6888511Z     '\r\n' +
2025-06-30T20:15:25.6888811Z     '**This release contains changes from the following pull requests:**\r\n' +
2025-06-30T20:15:25.6889259Z     '- [ ] https://github.com/Expensify/App-Test-Fork/pull/56092\r\n' +
2025-06-30T20:15:25.6889817Z     '- [ ] https://github.com/Expensify/App-Test-Fork/pull/60421\r\n' +
2025-06-30T20:15:25.6890218Z     '- [ ] https://github.com/Expensify/App-Test-Fork/pull/61845\r\n' +
2025-06-30T20:15:25.6890615Z     '- [ ] https://github.com/Expensify/App-Test-Fork/pull/62696\r\n' +
2025-06-30T20:15:25.6891003Z     '- [ ] https://github.com/Expensify/App-Test-Fork/pull/62718\r\n' +
2025-06-30T20:15:25.6891400Z     '- [ ] https://github.com/Expensify/App-Test-Fork/pull/63060\r\n' +
2025-06-30T20:15:25.6891796Z     '- [ ] https://github.com/Expensify/App-Test-Fork/pull/63425\r\n' +
2025-06-30T20:15:25.6892188Z     '- [ ] https://github.com/Expensify/App-Test-Fork/pull/63539\r\n' +
2025-06-30T20:15:25.6892582Z     '- [ ] https://github.com/Expensify/App-Test-Fork/pull/63565\r\n' +
2025-06-30T20:15:25.6892973Z     '- [ ] https://github.com/Expensify/App-Test-Fork/pull/63715\r\n' +
2025-06-30T20:15:25.6893366Z     '- [ ] https://github.com/Expensify/App-Test-Fork/pull/63725\r\n' +
2025-06-30T20:15:25.6893756Z     '- [ ] https://github.com/Expensify/App-Test-Fork/pull/63832\r\n' +
2025-06-30T20:15:25.6894152Z     '- [ ] https://github.com/Expensify/App-Test-Fork/pull/63834\r\n' +
2025-06-30T20:15:25.6894583Z     '- [ ] https://github.com/Expensify/App-Test-Fork/pull/63848\r\n' +
2025-06-30T20:15:25.6894972Z     '- [ ] https://github.com/Expensify/App-Test-Fork/pull/63980\r\n' +
2025-06-30T20:15:25.6895367Z     '- [ ] https://github.com/Expensify/App-Test-Fork/pull/63996\r\n' +
2025-06-30T20:15:25.6895753Z     '- [ ] https://github.com/Expensify/App-Test-Fork/pull/64146\r\n' +
2025-06-30T20:15:25.6896154Z     '- [ ] https://github.com/Expensify/App-Test-Fork/pull/64156\r\n' +
2025-06-30T20:15:25.6896556Z     '- [ ] https://github.com/Expensify/App-Test-Fork/pull/64178\r\n' +
2025-06-30T20:15:25.6896956Z     '- [ ] https://github.com/Expensify/App-Test-Fork/pull/64186\r\n' +
2025-06-30T20:15:25.6897575Z     '- [ ] https://github.com/Expensify/App-Test-Fork/pull/64207\r\n' +
2025-06-30T20:15:25.6897985Z     '- [ ] https://github.com/Expensify/App-Test-Fork/pull/64213\r\n' +
2025-06-30T20:15:25.6898387Z     '- [ ] https://github.com/Expensify/App-Test-Fork/pull/64214\r\n' +
2025-06-30T20:15:25.6898788Z     '- [ ] https://github.com/Expensify/App-Test-Fork/pull/64240\r\n' +
2025-06-30T20:15:25.6899180Z     '- [ ] https://github.com/Expensify/App-Test-Fork/pull/64256\r\n' +
2025-06-30T20:15:25.6899581Z     '- [ ] https://github.com/Expensify/App-Test-Fork/pull/64275\r\n' +
2025-06-30T20:15:25.6899974Z     '- [ ] https://github.com/Expensify/App-Test-Fork/pull/64280\r\n' +
2025-06-30T20:15:25.6900376Z     '- [ ] https://github.com/Expensify/App-Test-Fork/pull/64287\r\n' +
2025-06-30T20:15:25.6900764Z     '- [ ] https://github.com/Expensify/App-Test-Fork/pull/64303\r\n' +
2025-06-30T20:15:25.6901159Z     '- [ ] https://github.com/Expensify/App-Test-Fork/pull/64305\r\n' +
2025-06-30T20:15:25.6901554Z     '- [ ] https://github.com/Expensify/App-Test-Fork/pull/64377\r\n' +
2025-06-30T20:15:25.6901947Z     '- [ ] https://github.com/Expensify/App-Test-Fork/pull/64379\r\n' +
2025-06-30T20:15:25.6902343Z     '- [ ] https://github.com/Expensify/App-Test-Fork/pull/64398\r\n' +
2025-06-30T20:15:25.6902736Z     '- [ ] https://github.com/Expensify/App-Test-Fork/pull/64410\r\n' +
2025-06-30T20:15:25.6903132Z     '- [ ] https://github.com/Expensify/App-Test-Fork/pull/64422\r\n' +
2025-06-30T20:15:25.6903532Z     '- [ ] https://github.com/Expensify/App-Test-Fork/pull/64450\r\n' +
2025-06-30T20:15:25.6903923Z     '- [ ] https://github.com/Expensify/App-Test-Fork/pull/64456\r\n' +
2025-06-30T20:15:25.6904464Z     '- [ ] https://github.com/Expensify/App-Test-Fork/pull/64492\r\n' +
2025-06-30T20:15:25.6904857Z     '- [ ] https://github.com/Expensify/App-Test-Fork/pull/64495\r\n' +
2025-06-30T20:15:25.6905251Z     '- [ ] https://github.com/Expensify/App-Test-Fork/pull/64527\r\n' +
2025-06-30T20:15:25.6905644Z     '- [ ] https://github.com/Expensify/App-Test-Fork/pull/64538\r\n' +
2025-06-30T20:15:25.6906139Z     '- [ ] https://github.com/Expensify/App-Test-Fork/pull/64566\r\n' +
2025-06-30T20:15:25.6906539Z     '- [ ] https://github.com/Expensify/App-Test-Fork/pull/64609\r\n' +
2025-06-30T20:15:25.6906930Z     '- [ ] https://github.com/Expensify/App-Test-Fork/pull/64610\r\n' +
2025-06-30T20:15:25.6907504Z     '- [ ] https://github.com/Expensify/App-Test-Fork/pull/64611\r\n' +
2025-06-30T20:15:25.6907909Z     '- [ ] https://github.com/Expensify/App-Test-Fork/pull/64612\r\n' +
2025-06-30T20:15:25.6908304Z     '- [ ] https://github.com/Expensify/App-Test-Fork/pull/64613\r\n' +
2025-06-30T20:15:25.6908704Z     '- [ ] https://github.com/Expensify/App-Test-Fork/pull/64615\r\n' +
2025-06-30T20:15:25.6909090Z     '- [ ] https://github.com/Expensify/App-Test-Fork/pull/64621\r\n' +
2025-06-30T20:15:25.6909493Z     '- [ ] https://github.com/Expensify/App-Test-Fork/pull/64628\r\n' +
2025-06-30T20:15:25.6909883Z     '- [ ] https://github.com/Expensify/App-Test-Fork/pull/64632\r\n' +
2025-06-30T20:15:25.6910284Z     '- [ ] https://github.com/Expensify/App-Test-Fork/pull/64633\r\n' +
2025-06-30T20:15:25.6910677Z     '- [ ] https://github.com/Expensify/App-Test-Fork/pull/64634\r\n' +
2025-06-30T20:15:25.6911065Z     '- [ ] https://github.com/Expensify/App-Test-Fork/pull/64639\r\n' +
2025-06-30T20:15:25.6911457Z     '- [ ] https://github.com/Expensify/App-Test-Fork/pull/64668\r\n' +
2025-06-30T20:15:25.6911845Z     '- [ ] https://github.com/Expensify/App-Test-Fork/pull/64674\r\n' +
2025-06-30T20:15:25.6912237Z     '- [ ] https://github.com/Expensify/App-Test-Fork/pull/64681\r\n' +
2025-06-30T20:15:25.6912627Z     '- [ ] https://github.com/Expensify/App-Test-Fork/pull/64710\r\n' +
2025-06-30T20:15:25.6913019Z     '- [ ] https://github.com/Expensify/App-Test-Fork/pull/64716\r\n' +
2025-06-30T20:15:25.6913411Z     '- [ ] https://github.com/Expensify/App-Test-Fork/pull/64729\r\n' +
2025-06-30T20:15:25.6913798Z     '- [ ] https://github.com/Expensify/App-Test-Fork/pull/64737\r\n' +
2025-06-30T20:15:25.6914198Z     '- [ ] https://github.com/Expensify/App-Test-Fork/pull/64739\r\n' +
2025-06-30T20:15:25.6914584Z     '- [ ] https://github.com/Expensify/App-Test-Fork/pull/64745\r\n' +
2025-06-30T20:15:25.6914978Z     '- [ ] https://github.com/Expensify/App-Test-Fork/pull/64747\r\n' +
2025-06-30T20:15:25.6915377Z     '- [ ] https://github.com/Expensify/App-Test-Fork/pull/64752\r\n' +
2025-06-30T20:15:25.6915766Z     '- [ ] https://github.com/Expensify/App-Test-Fork/pull/64762\r\n' +
2025-06-30T20:15:25.6916166Z     '- [ ] https://github.com/Expensify/App-Test-Fork/pull/64763\r\n' +
2025-06-30T20:15:25.6916559Z     '- [ ] https://github.com/Expensify/App-Test-Fork/pull/64770\r\n' +
2025-06-30T20:15:25.6916956Z     '- [ ] https://github.com/Expensify/App-Test-Fork/pull/64791\r\n' +
2025-06-30T20:15:25.6917568Z     '- [ ] https://github.com/Expensify/App-Test-Fork/pull/64832\r\n' +
2025-06-30T20:15:25.6917980Z     '- [ ] https://github.com/Expensify/App-Test-Fork/pull/64844\r\n' +
2025-06-30T20:15:25.6918377Z     '- [ ] https://github.com/Expensify/App-Test-Fork/pull/64869\r\n' +
2025-06-30T20:15:25.6918775Z     '- [ ] https://github.com/Expensify/App-Test-Fork/pull/64905\r\n' +
2025-06-30T20:15:25.6919172Z     '- [ ] https://github.com/Expensify/App-Test-Fork/pull/64919\r\n' +
2025-06-30T20:15:25.6919562Z     '- [ ] https://github.com/Expensify/App-Test-Fork/pull/64958\r\n' +
2025-06-30T20:15:25.6919955Z     '- [ ] https://github.com/Expensify/App-Test-Fork/pull/64970\r\n' +
2025-06-30T20:15:25.6920244Z     '\r\n' +
2025-06-30T20:15:25.6920398Z     '\r\n' +
2025-06-30T20:15:25.6920587Z     '**Deploy Blockers:**\r\n' +
2025-06-30T20:15:25.6921035Z     '- [ ] https://github.com/Expensify/App-Test-Fork/issues/62\r\n' +
2025-06-30T20:15:25.6921328Z     '\r\n' +
2025-06-30T20:15:25.6921470Z     '\r\n' +
2025-06-30T20:15:25.6921663Z     '**Deployer verifications:**\r\n' +
2025-06-30T20:15:25.6923623Z     '- [ ] I checked [Firebase Crashlytics](https://console.firebase.google.com/u/0/project/expensify-mobile-app/crashlytics/app/ios:com.expensify.expensifylite/issues?state=open&time=last-seven-days&types=crash&tag=all&sort=eventCount) for **this release version** and verified that this release does not introduce any new crashes. More detailed instructions on this verification can be found [here](https://stackoverflowteams.com/c/expensify/questions/15095/15096).\r\n' +
2025-06-30T20:15:25.6926831Z     '- [ ] I checked [Firebase Crashlytics](https://console.firebase.google.com/u/0/project/expensify-mobile-app/crashlytics/app/android:org.me.mobiexpensifyg/issues?state=open&time=last-seven-days&types=crash&tag=all&sort=eventCount) for **the previous release version** and verified that the release did not introduce any new crashes. More detailed instructions on this verification can be found [here](https://stackoverflowteams.com/c/expensify/questions/15095/15096).\r\n' +
2025-06-30T20:15:25.6928972Z     '- [ ] I checked [GitHub Status](https://www.githubstatus.com/) and verified there is no reported incident with Actions.\r\n' +
2025-06-30T20:15:25.6929448Z     '\r\n' +
2025-06-30T20:15:25.6929651Z     'cc @Expensify/applauseleads\r\n',
2025-06-30T20:15:25.6929890Z   closed_by: null,
2025-06-30T20:15:25.6930062Z   reactions: {
2025-06-30T20:15:25.6930403Z     url: 'https://api.github.com/repos/Expensify/App-Test-Fork/issues/74/reactions',
2025-06-30T20:15:25.6930778Z     total_count: 0,
2025-06-30T20:15:25.6930947Z     '+1': 0,
2025-06-30T20:15:25.6931093Z     '-1': 0,
2025-06-30T20:15:25.6931245Z     laugh: 0,
2025-06-30T20:15:25.6931398Z     hooray: 0,
2025-06-30T20:15:25.6931559Z     confused: 0,
2025-06-30T20:15:25.6931722Z     heart: 0,
2025-06-30T20:15:25.6931875Z     rocket: 0,
2025-06-30T20:15:25.6932028Z     eyes: 0
2025-06-30T20:15:25.6932169Z   },
2025-06-30T20:15:25.6932525Z   timeline_url: 'https://api.github.com/repos/Expensify/App-Test-Fork/issues/74/timeline',
2025-06-30T20:15:25.6932937Z   performed_via_github_app: null,
2025-06-30T20:15:25.6933159Z   state_reason: null
2025-06-30T20:15:25.6933505Z } Previous: {
2025-06-30T20:15:25.6934099Z   url: 'https://api.github.com/repos/Expensify/App-Test-Fork/issues/56',
2025-06-30T20:15:25.6934999Z   repository_url: 'https://api.github.com/repos/Expensify/App-Test-Fork',
2025-06-30T20:15:25.6936056Z   labels_url: 'https://api.github.com/repos/Expensify/App-Test-Fork/issues/56/labels{/name}',
2025-06-30T20:15:25.6936738Z   comments_url: 'https://api.github.com/repos/Expensify/App-Test-Fork/issues/56/comments',
2025-06-30T20:15:25.6937449Z   events_url: 'https://api.github.com/repos/Expensify/App-Test-Fork/issues/56/events',
2025-06-30T20:15:25.6937943Z   html_url: 'https://github.com/Expensify/App-Test-Fork/issues/56',
2025-06-30T20:15:25.6938255Z   id: 3029722030,
2025-06-30T20:15:25.6938470Z   node_id: 'I_kwDON1Y9IM60leOu',
2025-06-30T20:15:25.6938682Z   number: 56,
2025-06-30T20:15:25.6938926Z   title: 'Deploy Checklist: New Expensify 2025-04-29',
2025-06-30T20:15:25.6939190Z   user: {
2025-06-30T20:15:25.6939377Z     login: 'github-actions[bot]',
2025-06-30T20:15:25.6939594Z     id: 41898282,
2025-06-30T20:15:25.6939799Z     node_id: 'MDM6Qm90NDE4OTgyODI=',
2025-06-30T20:15:25.6940161Z     avatar_url: 'https://avatars.githubusercontent.com/in/15368?v=4',
2025-06-30T20:15:25.6940477Z     gravatar_id: '',
2025-06-30T20:15:25.6940771Z     url: 'https://api.github.com/users/github-actions%5Bbot%5D',
2025-06-30T20:15:25.6941146Z     html_url: 'https://github.com/apps/github-actions',
2025-06-30T20:15:25.6941589Z     followers_url: 'https://api.github.com/users/github-actions%5Bbot%5D/followers',
2025-06-30T20:15:25.6942179Z     following_url: 'https://api.github.com/users/github-actions%5Bbot%5D/following{/other_user}',
2025-06-30T20:15:25.6942935Z     gists_url: 'https://api.github.com/users/github-actions%5Bbot%5D/gists{/gist_id}',
2025-06-30T20:15:25.6943509Z     starred_url: 'https://api.github.com/users/github-actions%5Bbot%5D/starred{/owner}{/repo}',
2025-06-30T20:15:25.6944109Z     subscriptions_url: 'https://api.github.com/users/github-actions%5Bbot%5D/subscriptions',
2025-06-30T20:15:25.6944764Z     organizations_url: 'https://api.github.com/users/github-actions%5Bbot%5D/orgs',
2025-06-30T20:15:25.6945273Z     repos_url: 'https://api.github.com/users/github-actions%5Bbot%5D/repos',
2025-06-30T20:15:25.6945783Z     events_url: 'https://api.github.com/users/github-actions%5Bbot%5D/events{/privacy}',
2025-06-30T20:15:25.6946361Z     received_events_url: 'https://api.github.com/users/github-actions%5Bbot%5D/received_events',
2025-06-30T20:15:25.6946757Z     type: 'Bot',
2025-06-30T20:15:25.6946942Z     user_view_type: 'public',
2025-06-30T20:15:25.6947158Z     site_admin: false
2025-06-30T20:15:25.6947457Z   },
2025-06-30T20:15:25.6947607Z   labels: [
2025-06-30T20:15:25.6947759Z     {
2025-06-30T20:15:25.6947912Z       id: 8346567443,
2025-06-30T20:15:25.6948129Z       node_id: 'LA_kwDON1Y9IM8AAAAB8X6DEw',
2025-06-30T20:15:25.6948582Z       url: 'https://api.github.com/repos/Expensify/App-Test-Fork/labels/StagingDeployCash',
2025-06-30T20:15:25.6949003Z       name: 'StagingDeployCash',
2025-06-30T20:15:25.6949221Z       color: '0e8a16',
2025-06-30T20:15:25.6949413Z       default: false,
2025-06-30T20:15:25.6949586Z       description: ''
2025-06-30T20:15:25.6949759Z     }
2025-06-30T20:15:25.6949900Z   ],
2025-06-30T20:15:25.6950051Z   state: 'closed',
2025-06-30T20:15:25.6950223Z   locked: false,
2025-06-30T20:15:25.6950390Z   assignee: {
2025-06-30T20:15:25.6950561Z     login: 'applausebot',
2025-06-30T20:15:25.6950752Z     id: 37909753,
2025-06-30T20:15:25.6950959Z     node_id: 'MDQ6VXNlcjM3OTA5NzUz',
2025-06-30T20:15:25.6951326Z     avatar_url: 'https://avatars.githubusercontent.com/u/37909753?v=4',
2025-06-30T20:15:25.6951660Z     gravatar_id: '',
2025-06-30T20:15:25.6951907Z     url: 'https://api.github.com/users/applausebot',
2025-06-30T20:15:25.6952235Z     html_url: 'https://github.com/applausebot',
2025-06-30T20:15:25.6952621Z     followers_url: 'https://api.github.com/users/applausebot/followers',
2025-06-30T20:15:25.6953130Z     following_url: 'https://api.github.com/users/applausebot/following{/other_user}',
2025-06-30T20:15:25.6953628Z     gists_url: 'https://api.github.com/users/applausebot/gists{/gist_id}',
2025-06-30T20:15:25.6954117Z     starred_url: 'https://api.github.com/users/applausebot/starred{/owner}{/repo}',
2025-06-30T20:15:25.6954634Z     subscriptions_url: 'https://api.github.com/users/applausebot/subscriptions',
2025-06-30T20:15:25.6955113Z     organizations_url: 'https://api.github.com/users/applausebot/orgs',
2025-06-30T20:15:25.6955540Z     repos_url: 'https://api.github.com/users/applausebot/repos',
2025-06-30T20:15:25.6955980Z     events_url: 'https://api.github.com/users/applausebot/events{/privacy}',
2025-06-30T20:15:25.6956481Z     received_events_url: 'https://api.github.com/users/applausebot/received_events',
2025-06-30T20:15:25.6956841Z     type: 'User',
2025-06-30T20:15:25.6957022Z     user_view_type: 'public',
2025-06-30T20:15:25.6957231Z     site_admin: false
2025-06-30T20:15:25.6957633Z   },
2025-06-30T20:15:25.6957789Z   assignees: [
2025-06-30T20:15:25.6957949Z     {
2025-06-30T20:15:25.6958116Z       login: 'applausebot',
2025-06-30T20:15:25.6958313Z       id: 37909753,
2025-06-30T20:15:25.6958519Z       node_id: 'MDQ6VXNlcjM3OTA5NzUz',
2025-06-30T20:15:25.6958896Z       avatar_url: 'https://avatars.githubusercontent.com/u/37909753?v=4',
2025-06-30T20:15:25.6959217Z       gravatar_id: '',
2025-06-30T20:15:25.6959473Z       url: 'https://api.github.com/users/applausebot',
2025-06-30T20:15:25.6959792Z       html_url: 'https://github.com/applausebot',
2025-06-30T20:15:25.6960182Z       followers_url: 'https://api.github.com/users/applausebot/followers',
2025-06-30T20:15:25.6960808Z       following_url: 'https://api.github.com/users/applausebot/following{/other_user}',
2025-06-30T20:15:25.6961299Z       gists_url: 'https://api.github.com/users/applausebot/gists{/gist_id}',
2025-06-30T20:15:25.6961790Z       starred_url: 'https://api.github.com/users/applausebot/starred{/owner}{/repo}',
2025-06-30T20:15:25.6979835Z       subscriptions_url: 'https://api.github.com/users/applausebot/subscriptions',
2025-06-30T20:15:25.6980788Z       organizations_url: 'https://api.github.com/users/applausebot/orgs',
2025-06-30T20:15:25.6981282Z       repos_url: 'https://api.github.com/users/applausebot/repos',
2025-06-30T20:15:25.6981769Z       events_url: 'https://api.github.com/users/applausebot/events{/privacy}',
2025-06-30T20:15:25.6982306Z       received_events_url: 'https://api.github.com/users/applausebot/received_events',
2025-06-30T20:15:25.6982668Z       type: 'User',
2025-06-30T20:15:25.6982893Z       user_view_type: 'public',
2025-06-30T20:15:25.6983111Z       site_admin: false
2025-06-30T20:15:25.6983293Z     }
2025-06-30T20:15:25.6983436Z   ],
2025-06-30T20:15:25.6983594Z   milestone: null,
2025-06-30T20:15:25.6983772Z   comments: 1,
2025-06-30T20:15:25.6983980Z   created_at: '2025-04-29T23:21:19Z',
2025-06-30T20:15:25.6984233Z   updated_at: '2025-06-25T23:56:53Z',
2025-06-30T20:15:25.6984476Z   closed_at: '2025-05-01T19:20:33Z',
2025-06-30T20:15:25.6984709Z   author_association: 'NONE',
2025-06-30T20:15:25.6984912Z   type: null,
2025-06-30T20:15:25.6985093Z   active_lock_reason: null,
2025-06-30T20:15:25.6985427Z   sub_issues_summary: { total: 0, completed: 0, percent_completed: 0 },
2025-06-30T20:15:25.6985790Z   body: '**Release Version:** `9.1.70-7`\n' +
2025-06-30T20:15:25.6986445Z     '**Compare Changes:** https://github.com/Expensify/App-Test-Fork/compare/production...staging\n' +
2025-06-30T20:15:25.6986946Z     '\n' +
2025-06-30T20:15:25.6987256Z     '**This release contains changes from the following pull requests:**\n' +
2025-06-30T20:15:25.6987838Z     '- [x] https://github.com/Expensify/App-Test-Fork/pull/58900\n' +
2025-06-30T20:15:25.6988240Z     '- [x] https://github.com/Expensify/App-Test-Fork/pull/58997\n' +
2025-06-30T20:15:25.6988627Z     '- [x] https://github.com/Expensify/App-Test-Fork/pull/59424\n' +
2025-06-30T20:15:25.6989018Z     '- [x] https://github.com/Expensify/App-Test-Fork/pull/59672\n' +
2025-06-30T20:15:25.6989299Z     '\n' +
2025-06-30T20:15:25.6989488Z     '**Deploy Blockers:**\n' +
2025-06-30T20:15:25.6989806Z     '- [x] https://github.com/Expensify/App-Test-Fork/issues/62\n' +
2025-06-30T20:15:25.6990087Z     '\n' +
2025-06-30T20:15:25.6990235Z     '\n' +
2025-06-30T20:15:25.6990422Z     '**Deployer verifications:**\n' +
2025-06-30T20:15:25.6991238Z     '- [x] I checked the [App Timing Dashboard](https://graphs.expensify.com/grafana/d/yj2EobAGz/app-timing?orgId=1) and verified this release does not cause a noticeable performance regression.\n' +
2025-06-30T20:15:25.6993517Z     '- [x] I checked [Firebase Crashlytics](https://console.firebase.google.com/u/0/project/expensify-mobile-app/crashlytics/app/ios:com.expensify.expensifylite/issues?state=open&time=last-seven-days&types=crash&tag=all&sort=eventCount) for **this release version** and verified that this release does not introduce any new crashes. More detailed instructions on this verification can be found [here](https://stackoverflowteams.com/c/expensify/questions/15095/15096).\n' +
2025-06-30T20:15:25.6996712Z     '- [x] I checked [Firebase Crashlytics](https://console.firebase.google.com/u/0/project/expensify-mobile-app/crashlytics/app/android:org.me.mobiexpensifyg/issues?state=open&time=last-seven-days&types=crash&tag=all&sort=eventCount) for **the previous release version** and verified that the release did not introduce any new crashes. More detailed instructions on this verification can be found [here](https://stackoverflowteams.com/c/expensify/questions/15095/15096).\n' +
2025-06-30T20:15:25.6998796Z     '- [x] I checked [GitHub Status](https://www.githubstatus.com/) and verified there is no reported incident with Actions.\n' +
2025-06-30T20:15:25.6999411Z     '\n' +
2025-06-30T20:15:25.6999617Z     'cc @Expensify/applauseleads\n',
2025-06-30T20:15:25.6999843Z   closed_by: {
2025-06-30T20:15:25.7000023Z     login: 'Julesssss',
2025-06-30T20:15:25.7000206Z     id: 10736861,
2025-06-30T20:15:25.7000419Z     node_id: 'MDQ6VXNlcjEwNzM2ODYx',
2025-06-30T20:15:25.7000790Z     avatar_url: 'https://avatars.githubusercontent.com/u/10736861?v=4',
2025-06-30T20:15:25.7001233Z     gravatar_id: '',
2025-06-30T20:15:25.7001486Z     url: 'https://api.github.com/users/Julesssss',
2025-06-30T20:15:25.7001804Z     html_url: 'https://github.com/Julesssss',
2025-06-30T20:15:25.7002168Z     followers_url: 'https://api.github.com/users/Julesssss/followers',
2025-06-30T20:15:25.7002642Z     following_url: 'https://api.github.com/users/Julesssss/following{/other_user}',
2025-06-30T20:15:25.7003117Z     gists_url: 'https://api.github.com/users/Julesssss/gists{/gist_id}',
2025-06-30T20:15:25.7003587Z     starred_url: 'https://api.github.com/users/Julesssss/starred{/owner}{/repo}',
2025-06-30T20:15:25.7004081Z     subscriptions_url: 'https://api.github.com/users/Julesssss/subscriptions',
2025-06-30T20:15:25.7004545Z     organizations_url: 'https://api.github.com/users/Julesssss/orgs',
2025-06-30T20:15:25.7004954Z     repos_url: 'https://api.github.com/users/Julesssss/repos',
2025-06-30T20:15:25.7005383Z     events_url: 'https://api.github.com/users/Julesssss/events{/privacy}',
2025-06-30T20:15:25.7005864Z     received_events_url: 'https://api.github.com/users/Julesssss/received_events',
2025-06-30T20:15:25.7006213Z     type: 'User',
2025-06-30T20:15:25.7006393Z     user_view_type: 'public',
2025-06-30T20:15:25.7006606Z     site_admin: false
2025-06-30T20:15:25.7006783Z   },
2025-06-30T20:15:25.7006927Z   reactions: {
2025-06-30T20:15:25.7007380Z     url: 'https://api.github.com/repos/Expensify/App-Test-Fork/issues/56/reactions',
2025-06-30T20:15:25.7007736Z     total_count: 0,
2025-06-30T20:15:25.7007910Z     '+1': 0,
2025-06-30T20:15:25.7008055Z     '-1': 0,
2025-06-30T20:15:25.7008207Z     laugh: 0,
2025-06-30T20:15:25.7008361Z     hooray: 0,
2025-06-30T20:15:25.7008520Z     confused: 0,
2025-06-30T20:15:25.7008675Z     heart: 0,
2025-06-30T20:15:25.7008827Z     rocket: 0,
2025-06-30T20:15:25.7008981Z     eyes: 0
2025-06-30T20:15:25.7009122Z   },
2025-06-30T20:15:25.7009480Z   timeline_url: 'https://api.github.com/repos/Expensify/App-Test-Fork/issues/56/timeline',
2025-06-30T20:15:25.7009895Z   performed_via_github_app: null,
2025-06-30T20:15:25.7010126Z   state_reason: 'completed'
2025-06-30T20:15:25.7010341Z }
2025-06-30T20:15:25.7010695Z Looking for commits made between 9.1.70-7-staging and 9.1.71-8-staging...
2025-06-30T20:15:26.1422354Z Attempting to repack and retry...
2025-06-30T20:15:26.1557443Z Nothing new to pack.
2025-06-30T20:15:26.6298942Z Repack didn't help, giving up...
2025-06-30T20:15:27.0976577Z Running command: git fetch origin tag 9.1.70-7-staging --no-tags --shallow-exclude=9.1.69-0-staging
2025-06-30T20:15:32.4211159Z From https://github.com/Expensify/App-Test-Fork
2025-06-30T20:15:32.4211803Z  * [new tag]         9.1.70-7-staging -> 9.1.70-7-staging
2025-06-30T20:15:32.4212792Z Running command: git fetch origin tag 9.1.71-8-staging --no-tags --shallow-exclude=9.1.69-0-staging
2025-06-30T20:15:40.7734439Z From https://github.com/Expensify/App-Test-Fork
2025-06-30T20:15:40.7734955Z  * [new tag]           9.1.71-8-staging -> 9.1.71-8-staging
2025-06-30T20:15:40.7736026Z Getting pull requests merged between the following tags: 9.1.70-7-staging 9.1.71-8-staging
2025-06-30T20:15:40.7737881Z Running command: git log --format={"commit": "%H", "authorName": "%an", "subject": "%s"}, 9.1.70-7-staging...9.1.71-8-staging
2025-06-30T20:15:40.7849063Z {"commit": "8766248d77ac400a2f3dcd8282edb31237d83456", "authorName": "Benjamin Limpich", "subject": "Merge pull request #64970 from Expensify/neil-fix-crash"},
2025-06-30T20:15:40.7851162Z {"commit": "d2af24e53fb3e2ba534d7d59a80a26243eb11f58", "authorName": "OSBotify", "subject": "Update Mobile-Expensify submodule version to 9.1.71-8"},
2025-06-30T20:15:40.7853420Z {"commit": "277b26c098941c45216e23e65caac4866f011c13", "authorName": "OSBotify", "subject": "Update version to 9.1.71-8"},
2025-06-30T20:15:40.7854996Z {"commit": "78fbc2811177cfd89d45806b31eaa5ce831732f2", "authorName": "Vit Horacek", "subject": "Merge pull request #64633 from thelullabyy/fix/64292-test-drive-task-direct-to-hmm-not-here"},
2025-06-30T20:15:40.7856341Z {"commit": "1298adf1170aab135ef12c51695e9eec2e70c0c0", "authorName": "OSBotify", "subject": "Update Mobile-Expensify submodule version to 9.1.71-7"},
2025-06-30T20:15:40.7857535Z {"commit": "e20104eacd52672730ab85c644f679a855992fa0", "authorName": "OSBotify", "subject": "Update version to 9.1.71-7"},
2025-06-30T20:15:40.7858508Z {"commit": "7a91f7dc74081274643c340446fd97f6981048e7", "authorName": "Alex Beaman", "subject": "Merge pull request #64869 from rushatgabhane/fix-64864"},
2025-06-30T20:15:40.7859558Z {"commit": "97b77f5f3c11ebf6cac04dc56ed01cf4659b54de", "authorName": "OSBotify", "subject": "Update Mobile-Expensify submodule version to 9.1.71-6"},
2025-06-30T20:15:40.7860515Z {"commit": "bfa38e67f445ee5705026e110a4a92d753ff94ab", "authorName": "OSBotify", "subject": "Update version to 9.1.71-6"},
2025-06-30T20:15:40.7861563Z {"commit": "0df6387de794950841bb33cb19d2f649d708ef71", "authorName": "Vit Horacek", "subject": "Merge pull request #64958 from Expensify/cherry-pick-staging-64919-15884029401-1"},
2025-06-30T20:15:40.7862745Z {"commit": "e42a3d92f484f5180d3d66c9565391c2b697bbb8", "authorName": "Vivek Kumar", "subject": "Merge pull request #64919 from callstack-internal/revert/allow-negative"},
2025-06-30T20:15:40.7863802Z {"commit": "e851f0c5232a837f579b14951b9626175d535c99", "authorName": "OSBotify", "subject": "Update Mobile-Expensify submodule version to 9.1.71-5"},
2025-06-30T20:15:40.7864707Z {"commit": "6e5ad1c15bb27afecfddeab6b0c114a745766e71", "authorName": "OSBotify", "subject": "Update version to 9.1.71-5"},
2025-06-30T20:15:40.7865657Z {"commit": "bdd0f760e91d61854061a0ef0516ac275e89551d", "authorName": "Rory Abraham", "subject": "Merge pull request #64905 from nkdengineer/fix/64861"},
2025-06-30T20:15:40.7867200Z {"commit": "f8f8ff8a6b03c3c02320c6c5d33c8964ec51061a", "authorName": "OSBotify", "subject": "Update Mobile-Expensify submodule version to 9.1.71-4"},
2025-06-30T20:15:40.7868412Z {"commit": "4eb86e3eb5cd5a5d94970867f1b3619321c11aed", "authorName": "OSBotify", "subject": "Update version to 9.1.71-4"},
2025-06-30T20:15:40.7869359Z {"commit": "98e3bd03182c311bc87c810defc653e0752f99ee", "authorName": "Scott Deeter", "subject": "Merge pull request #64844 from rushatgabhane/fix-64840"},
2025-06-30T20:15:40.7870372Z {"commit": "8d10797a4189d5de2531adcf8c7eb60ea6916501", "authorName": "OSBotify", "subject": "Update Mobile-Expensify submodule version to 9.1.71-3"},
2025-06-30T20:15:40.7871261Z {"commit": "937a7049e2ddda3548447d7e5298406a88908a6d", "authorName": "OSBotify", "subject": "Update version to 9.1.71-3"},
2025-06-30T20:15:40.7872246Z {"commit": "c334bc9098210ed80fb2f567d0f0185858e86719", "authorName": "Rory Abraham", "subject": "Merge pull request #64832 from Expensify/chirag-desktop-build-fix"},
2025-06-30T20:15:40.7873821Z {"commit": "8ead6de2dfb0365a2f898ef3696b770617b82282", "authorName": "OSBotify", "subject": "Update Mobile-Expensify submodule version to 9.1.71-1"},
2025-06-30T20:15:40.7874741Z {"commit": "1b81ac63e0f8df58bc19d63659e4762662151cdc", "authorName": "OSBotify", "subject": "Update version to 9.1.71-1"},
2025-06-30T20:15:40.7876361Z {"commit": "7a4f4facce5c0b31ba00f7b9f94558c0f4a5a305", "authorName": "OSBotify", "subject": "Update Mobile-Expensify submodule version to 9.1.71-0"},
2025-06-30T20:15:40.7877829Z {"commit": "92da83927178b960d61ccb151d448e1e475adaf6", "authorName": "OSBotify", "subject": "Update version to 9.1.71-0"},
2025-06-30T20:15:40.7879047Z {"commit": "8f00485e6e0aeaf3d4c5c911deaf4cdd18e4c7a8", "authorName": "Carlos Martins", "subject": "Merge pull request #64737 from daledah/fix/63819"},
2025-06-30T20:15:40.7880329Z {"commit": "e430d018f8362b57cece2b51721efcc7d368144d", "authorName": "Neil Marcellini", "subject": "Merge pull request #63715 from Expensify/neil-improve-help-reindexing"},
2025-06-30T20:15:40.7881698Z {"commit": "0dc8bd552f6f6816a63e6f1bb688e6575a2536b9", "authorName": "Tim Golen", "subject": "Merge pull request #64186 from FitseTLT/fix-remove-call-to-getReportNameValuePairs-in-canEditWriteCapability"},
2025-06-30T20:15:40.7883258Z {"commit": "a7aa47a2fe1b8c2721e846a2f561e27556941d13", "authorName": "Andrew Rosiclair", "subject": "Merge pull request #64791 from nabi-ebrahimi/fix/negative-total-unreported-distance-expense"},
2025-06-30T20:15:40.7884509Z {"commit": "9cb0132304142e725b265bff0fdecd36b9c75165", "authorName": "Rodrigo Lino da Costa", "subject": "Merge pull request #64809 from Expensify/revert-63625-fix/61733"},
2025-06-30T20:15:40.7885575Z {"commit": "b29ba813258f9a327b3cabae583056bffcb86393", "authorName": "OSBotify", "subject": "Update Mobile-Expensify submodule version to 9.1.70-7"},
2025-06-30T20:15:40.7886488Z {"commit": "71bd2c249b3410d87098fab3c067123d2e268c3f", "authorName": "OSBotify", "subject": "Update version to 9.1.70-7"},
2025-06-30T20:15:40.7887631Z {"commit": "3ef2623c49b0e896cb30cd706166b7e63039045b", "authorName": "OSBotify", "subject": "Update Mobile-Expensify submodule version to 9.1.70-7"},
2025-06-30T20:15:40.7888675Z {"commit": "1a20db69e7e515d691e23cc42b9b97479a8ac78d", "authorName": "OSBotify", "subject": "Update version to 9.1.70-7"},
2025-06-30T20:15:40.7889711Z {"commit": "bb49f9020bfd2d2e96d7c1cf7d4fbc9db84516e8", "authorName": "Rodrigo Lino da Costa", "subject": "Merge pull request #64809 from Expensify/revert-63625-fix/61733"},
2025-06-30T20:15:40.7890967Z {"commit": "ec4dbdec705f87a0e610193c379e7e9ac841b0aa", "authorName": "Andrew Gable", "subject": "Merge pull request #63425 from thelullabyy/fix/63116-swiping-to-right-after-assigning-card"},
2025-06-30T20:15:40.7892242Z {"commit": "dfe13cc57db1b4c0e82b3f0070d6ec3ada58453e", "authorName": "Justin Persaud", "subject": "Merge pull request #64628 from bernhardoj/fix/63967-inconsistent-markdown-view"},
2025-06-30T20:15:40.7893198Z {"commit": "99b9de4fff1e327a54f36b6c01a7a0311a9e672c", "authorName": "FitseTLT", "subject": "minor fix"},
2025-06-30T20:15:40.7894053Z {"commit": "7052212da43f49a34ac254dc182fe8208b1ba5d6", "authorName": "Bernhard Owen Josephus", "subject": "lint"},
2025-06-30T20:15:40.7894856Z {"commit": "9e14042a13097afbb028390c0fa5768f344c82c5", "authorName": "Bernhard Owen Josephus", "subject": "fix test"},
2025-06-30T20:15:40.7895662Z {"commit": "064eae7b795def55ee0261931ad1513bf31cee19", "authorName": "Bernhard Owen Josephus", "subject": "lint"},
2025-06-30T20:15:40.7896642Z {"commit": "e072009468a3a172369a36bf90801a02d8d5d9ae", "authorName": "Rodrigo Lino da Costa", "subject": "Revert "open Expensify Travel inside webview on native app""},
2025-06-30T20:15:40.7898264Z {"commit": "19b6dfa7c9320734d7bf3b203d21a13dd0153b25", "authorName": "Rory Abraham", "subject": "Merge pull request #63565 from PiyushChandra17/PiyushChandra17/refactor/splitphrase/acknowledgement"},
2025-06-30T20:15:40.7899312Z {"commit": "3cf3c9910a345a0433311b88434cda47f33616da", "authorName": "FitseTLT", "subject": "updated test"},
2025-06-30T20:15:40.7900213Z {"commit": "b8bfb9a76a0f582b49a4a21a86df64758f611d7f", "authorName": "FitseTLT", "subject": "added test for isArchivedReport/useIsArchivedReport"},
2025-06-30T20:15:40.7901808Z {"commit": "93b3b9d77b685570926ea709517840ffa82b867a", "authorName": "Michał Jasikowski", "subject": "Merge pull request #64538 from ishakakkad/63642-tooltip-line-issue"},
2025-06-30T20:15:40.7903069Z {"commit": "344cd5a4d0e19d756d1ad05705f3ff2118200a86", "authorName": "PiyushChandra17", "subject": "Merge branch 'Expensify:main' into PiyushChandra17/refactor/splitphrase/acknowledgement"},
2025-06-30T20:15:40.7904067Z {"commit": "8150b5c6f51cf8d90ec0a379bb7e28ed8933fcb7", "authorName": "FitseTLT", "subject": "minor update"},
2025-06-30T20:15:40.7905175Z {"commit": "801fec9a02482a88421a022a52212a739b01ef94", "authorName": "FitseTLT", "subject": "Merge branch 'main' into fix-remove-call-to-getReportNameValuePairs-in-canEditWriteCapability"},
2025-06-30T20:15:40.7906560Z {"commit": "bc12ce019d416f44368ecdca9e44a6af7f54fa22", "authorName": "Youssef Lourayad", "subject": "Merge pull request #63539 from nkdengineer/fix/62368"},
2025-06-30T20:15:40.7907972Z {"commit": "9c6c327bbb386f8e35bc8cf4129c12cfed0e4d6c", "authorName": "Youssef Lourayad", "subject": "Merge pull request #64566 from cretadn22/update-pending-for-each-item"},
2025-06-30T20:15:40.7909232Z {"commit": "32b0057b5d6ad91f97b8ae1354e5e49e26a82fb8", "authorName": "Nabi Ebrahimi", "subject": "fix: ensure IOU expenses always return absolute value to prevent negative report totals"},
2025-06-30T20:15:40.7910435Z {"commit": "df8852b6ee2ebec7353636ad977368e67c1c7a90", "authorName": "Vivek Kumar", "subject": "Merge pull request #64739 from bernhardoj/fix/64194-missing-report-name"},
2025-06-30T20:15:40.7911401Z {"commit": "8550383b33b80a307d5367c7ba92e0b6a8d546da", "authorName": "Bernhard Owen Josephus", "subject": "add unit test"},
2025-06-30T20:15:40.7912351Z {"commit": "16a58b5532db0ea01b6273674c6ce110ef799644", "authorName": "Rafe Colton", "subject": "Merge pull request #63060 from nkdengineer/fix/61304"},
2025-06-30T20:15:40.7913447Z {"commit": "b91360920e75d6fdfb79ba4856a5744438901e54", "authorName": "Bernhard Owen Josephus", "subject": "Merge branch 'main' into fix/63967-inconsistent-markdown-view"},
2025-06-30T20:15:40.7914568Z {"commit": "ac8e0f371520ff3d9931474691726fe72be3edea", "authorName": "Rory Abraham", "subject": "Merge pull request #64609 from Expensify/Rory-OctokitTestUtil"},
2025-06-30T20:15:40.7915765Z {"commit": "82eb6570007ba170bf1541154dd2e7f45b67211f", "authorName": "Maxence Coulibaly", "subject": "Merge pull request #64450 from callstack-internal/feat/62281-business-tax-id-desc"},
2025-06-30T20:15:40.7917011Z {"commit": "11ff1d32eda3c0c94da1a1af5b953f3a96d611f1", "authorName": "Vit Horacek", "subject": "Merge pull request #64769 from Expensify/revert-63853-parasharrajat/travel-update"},
2025-06-30T20:15:40.7918222Z {"commit": "976fd30f7642f4e3e042e3915cb1c5db06462697", "authorName": "OSBotify", "subject": "Update Mobile-Expensify submodule version to 9.1.70-6"},
2025-06-30T20:15:40.7919127Z {"commit": "d37dfdb840351fb29cd000ca0c9c5fea9be75492", "authorName": "OSBotify", "subject": "Update version to 9.1.70-6"},
2025-06-30T20:15:40.7920071Z {"commit": "457ba18cbb3f403c54da0b24ac44bb0afcf2f460", "authorName": "OSBotify", "subject": "Update Mobile-Expensify submodule version to 9.1.70-6"},
2025-06-30T20:15:40.7920976Z {"commit": "82966e4ef74cfce76c3358ee52917211eb3b5059", "authorName": "OSBotify", "subject": "Update version to 9.1.70-6"},
2025-06-30T20:15:40.7921958Z {"commit": "02b42873deb227fea7f1c57c9b3235c242a50c2c", "authorName": "Vit Horacek", "subject": "Merge pull request #64178 from callstack-internal/gedu/pause_logs"},
2025-06-30T20:15:40.7923132Z {"commit": "0fa3b4071569bb1c6fb8dba1f1833ca370f8aaa6", "authorName": "Vit Horacek", "subject": "Merge pull request #64769 from Expensify/revert-63853-parasharrajat/travel-update"},
2025-06-30T20:15:40.7924549Z {"commit": "555d22749dcdde055981928269313db7d10ac3ca", "authorName": "Rodrigo Lino da Costa", "subject": "Merge pull request #64280 from callstack-internal/pac-guerreiro/fix/missing-credentials-during-reauthentication"},
2025-06-30T20:15:40.7925880Z {"commit": "b96adc241f5cf2c5773170c9e3c52c1ce5308250", "authorName": "Carlos Martins", "subject": "Merge pull request #64770 from Krishna2323/krishna2323/issue/64758"},
2025-06-30T20:15:40.7927398Z {"commit": "9dad96817f9f820bef257b43c806875649a535e8", "authorName": "Michał Jasikowski", "subject": "Merge pull request #64379 from FitseTLT/fix-clear-error-on-unreported-expense-selection"},
2025-06-30T20:15:40.7928889Z {"commit": "0526a1732d321a68a9ea0bf0cc1000bd7f385459", "authorName": "Michał Jasikowski", "subject": "Merge pull request #64213 from hoangzinh/63638-improve-export-action-component-list-perf"},
2025-06-30T20:15:40.7930152Z {"commit": "d96b69f983e546a22ecfb4453fbe86808dc5cf31", "authorName": "krishna2323", "subject": "fix: Reports - Columns are misaligned."},
2025-06-30T20:15:40.7931177Z {"commit": "e39e5a6052cdb11b3f2e660889a36c25f9228aa3", "authorName": "Rodrigo Lino da Costa", "subject": "Revert "Use tripdata payload to get reservations setup""},
2025-06-30T20:15:40.7932390Z {"commit": "cad7e67ed9e5276f32ec9c1651bce8b635aa7e35", "authorName": "Daniel Gale-Rosen", "subject": "Merge pull request #64256 from rushatgabhane/retract-bugs-x"},
2025-06-30T20:15:40.7933539Z {"commit": "b66b774ba0c805d2616637b86757da0259e0abd9", "authorName": "Maxence Coulibaly", "subject": "Merge pull request #64398 from Expensify/nikki-lock-account-copy"},
2025-06-30T20:15:40.7934875Z {"commit": "ff9ddc067fd73bc7a7772b9d31c51d4e868f872c", "authorName": "Monil Bhavsar", "subject": "Merge pull request #62718 from bernhardoj/fix/61991-merchant-field-missing-when-open-from-qab-after-login"},
2025-06-30T20:15:40.7936135Z {"commit": "418d0fc962a9cd1ebc2d99119fb390fd098b4990", "authorName": "Mario Mazzotti", "subject": "Merge pull request #64762 from Expensify/maddylewis-patch-3"},
2025-06-30T20:15:40.7937441Z {"commit": "6fc54213f1a272c374b656840c4a357b9f669159", "authorName": "Mario Mazzotti", "subject": "Merge pull request #64422 from software-mansion-labs/szymczak/fix-cut-off-composer"},
2025-06-30T20:15:40.7938556Z {"commit": "6268db0bc400a345671545a91ea8b45960082c56", "authorName": "Vit Horacek", "subject": "Merge pull request #64752 from dominictb/fix/64602"},
2025-06-30T20:15:40.7939502Z {"commit": "0c3228699d2731d221ba1aebc3e6424b176f0f11", "authorName": "maddylewis", "subject": "Update Create-a-company-workspace.md"},
2025-06-30T20:15:40.7940503Z {"commit": "54d88bacbee329ff01c656a6e5d7380c92b4a9df", "authorName": "github-actions[bot]", "subject": "Merge pull request #64763 from Expensify/imgbot"},
2025-06-30T20:15:40.7941436Z {"commit": "e2ade89dc70748ecca8f6f9114969fe9a73148dd", "authorName": "ImgBotApp", "subject": "[ImgBot] Optimize images"},
2025-06-30T20:15:40.7942309Z {"commit": "e889445677987be18710cd58ecb7878b84dc5413", "authorName": "maddylewis", "subject": "Update Track-Personal-Expenses.md"},
2025-06-30T20:15:40.7943237Z {"commit": "faec18d0aae94b1bb5a42061dc1495f79a2bf972", "authorName": "maddylewis", "subject": "Update Create-a-company-workspace.md"},
2025-06-30T20:15:40.7944381Z {"commit": "64a168f89df93aa3615f7fd8a0ebf1737cb30629", "authorName": "Chirag Chandrakant Salian", "subject": "Merge pull request #64759 from Expensify/revert-63627-62335-recent-searches"},
2025-06-30T20:15:40.7945519Z {"commit": "ad78fe5c0dd626a3044f8a05c5376107a39cc26e", "authorName": "OSBotify", "subject": "Update Mobile-Expensify submodule version to 9.1.70-5"},
2025-06-30T20:15:40.7946424Z {"commit": "c939bbf99b934b8fba707b57652e1001e06a650c", "authorName": "OSBotify", "subject": "Update version to 9.1.70-5"},
2025-06-30T20:15:40.7947471Z {"commit": "acd6b72f568c2913116772f07d47ea5ac4d6bdc8", "authorName": "OSBotify", "subject": "Update Mobile-Expensify submodule version to 9.1.70-5"},
2025-06-30T20:15:40.7948380Z {"commit": "cfbc069b9f2cd60639e5c554312c634061b4cdbe", "authorName": "OSBotify", "subject": "Update version to 9.1.70-5"},
2025-06-30T20:15:40.7949458Z {"commit": "418b4b5d489d82ec5845227d7f5edbaf173ba4f0", "authorName": "Chirag Chandrakant Salian", "subject": "Merge pull request #64759 from Expensify/revert-63627-62335-recent-searches"},
2025-06-30T20:15:40.7950769Z {"commit": "bda8ac447f8a907fb445f47089251b2c8469e558", "authorName": "Cristi Paval", "subject": "Revert "Search Autocomplete: Always Render with Loading Skeleton & add isReady focus guard""},
2025-06-30T20:15:40.7951979Z {"commit": "56d08a4ed99848e2426fbc51202250e7a89010ce", "authorName": "Rocio Perez-Cano", "subject": "Merge pull request #64275 from Expensify/monil-makeRequestRead"},
2025-06-30T20:15:40.7953193Z {"commit": "1d2967f19e6a50f55de683825e9d4645a50ffd20", "authorName": "Maxence Coulibaly", "subject": "Merge pull request #64710 from thelullabyy/fix/63488-incorrect-onboarding-via-smb"},
2025-06-30T20:15:40.7954401Z {"commit": "e2482e85991ce4c6c214a5d614de1a67db22431d", "authorName": "Nikki Wines", "subject": "show cancel button for lock account modal"},
2025-06-30T20:15:40.7955476Z {"commit": "ebde59453851dd373098030b3b1e7766e917958d", "authorName": "Vit Horacek", "subject": "Merge pull request #64156 from DylanDylann/new-success-page-on-report-card"},
2025-06-30T20:15:40.7956713Z {"commit": "d10977496f22a316d08d1f2f42475a619fdb9481", "authorName": "Sonia Liapounova", "subject": "Merge pull request #64214 from Expensify/RachCHopkins-patch-1"},
2025-06-30T20:15:40.7957879Z {"commit": "184f05a8ab59891f5db8702a5a92c8c944fd5fba", "authorName": "Monil Bhavsar", "subject": "Merge branch 'main' into monil-makeRequestRead"},
2025-06-30T20:15:40.7959000Z {"commit": "669fde6e2c9c9ce64dcb880a40a8c06ba351529b", "authorName": "Marc Glasser", "subject": "Merge pull request #64634 from bernhardoj/fix/63777-view-button-shows-briefly"},
2025-06-30T20:15:40.7960090Z {"commit": "1644835506064e01a86899aaa688cd4b080107e5", "authorName": "Marc Glasser", "subject": "Merge pull request #64668 from nkdengineer/fix/64459"},
2025-06-30T20:15:40.7961214Z {"commit": "451968343293c6a2e52ffc721c4334a6721ad60b", "authorName": "Aldo Canepa Garay", "subject": "Merge pull request #64632 from bernhardoj/fix/63857-cant-delete-track-expense"},
2025-06-30T20:15:40.7962211Z {"commit": "d10c30fb8bc115759b64935cfaa3d4b9f9347670", "authorName": "dominictb", "subject": "fix canBeMissing lint"},
2025-06-30T20:15:40.7963111Z {"commit": "e751c72e241b73bd04a36c7c4642ef7667532adc", "authorName": "dominictb", "subject": "fix: adding debit card requires bank account"},
2025-06-30T20:15:40.7964245Z {"commit": "ae7a1c07e694bad8178ae45db7063300b45e64c9", "authorName": "Carlos Miceli", "subject": "Merge pull request #64716 from hoangzinh/60329-fix-sms-delivery-reset-flash-message"},
2025-06-30T20:15:40.7965442Z {"commit": "a19c11b501f9d98eb65af70bd7c0e176dacf6e9e", "authorName": "Gabriel Valforte", "subject": "Merge pull request #62696 from Krishna2323/krishna2323/issue/62036"},
2025-06-30T20:15:40.7966536Z {"commit": "345d3b05fb5a3e135ed3c7090b3057b35dfa3ac2", "authorName": "Tyler Karaszewski", "subject": "Merge pull request #64615 from drminh2807/fix/64243"},
2025-06-30T20:15:40.7967843Z {"commit": "bfa5bce9e33dbbafdead4fec3bb8ae01f9f4d005", "authorName": "Gabriel Valforte", "subject": "Merge pull request #64303 from bernhardoj/fix/64027-extra-expense-after-delete-report"},
2025-06-30T20:15:40.7969099Z {"commit": "ceb5b2bd378e3f4cbecf490e75d0b3fc6fd23e5e", "authorName": "Jules", "subject": "Merge pull request #64745 from Expensify/cherry-pick-staging-64729-15828490142-1"},
2025-06-30T20:15:40.7970163Z {"commit": "080bd33be68fd45808eff626b819274bd775ebf7", "authorName": "OSBotify", "subject": "Update Mobile-Expensify submodule to f49cf4d"},
2025-06-30T20:15:40.7971195Z {"commit": "4d8868268a89f6c6b48027e6df2ca4dc0b09c57d", "authorName": "Andrew Rosiclair", "subject": "Merge pull request #64612 from allroundexperts/fix-64520"},
2025-06-30T20:15:40.7973002Z {"commit": "9498aa99c14b0951c63ac2e3354643d95c627128", "authorName": "Lucien Akchoté", "subject": "Merge pull request #63834 from callstack-internal/fix/63809-disable-drag-and-drop-in-paid-expense"},
2025-06-30T20:15:40.7974860Z {"commit": "bbb649ee5ca6d8f4a8bbf3f1a6767ec8aa4c045e", "authorName": "Rory Abraham", "subject": "Merge pull request #64747 from Expensify/cmartins-rmBetaCheck"},
2025-06-30T20:15:40.7976659Z {"commit": "deaa443545a2ba5165e9b4b9e900ada82cd17e7a", "authorName": "Amy Evans", "subject": "Merge pull request #64207 from linhvovan29546/fix/63913-contact-list-search-field-not-auto-focused"},
2025-06-30T20:15:40.7978077Z {"commit": "0351b1dca74c119c9096fa1851cc028c985f3dcf", "authorName": "Carlos Martins", "subject": "rm beta check in locale picker"},
2025-06-30T20:15:40.7979041Z {"commit": "df37e10f54b7a87b391d91de5f54395ad32a841a", "authorName": "nkdengineer", "subject": "Update src/pages/workspace/MemberRightIcon.tsx"},
2025-06-30T20:15:40.7980114Z {"commit": "6e227b476e58696bed875d5fb1b0b0b49c7bfc29", "authorName": "nkdengineer", "subject": "Update src/pages/workspace/MemberRightIcon.tsx"},
2025-06-30T20:15:40.7981248Z {"commit": "1d3ef0fe7dcbe03b9ad923f6ab94922f3bd5a80f", "authorName": "nkdengineer", "subject": "Merge branch 'main' into fix/61304"},
2025-06-30T20:15:40.7982127Z {"commit": "fb652232519c5e1ddcf093840c9d43d25fe94a02", "authorName": "Linh Vo", "subject": "chore: minorsuggestion comment"},
2025-06-30T20:15:40.7983316Z {"commit": "4ab7369a7124a403652a3bc0ab72ffbaeb2016d4", "authorName": "Alex Beaman", "subject": "Merge pull request #64610 from FitseTLT/fix-remove-go-to-rooms-workpsace-menu-items"},
2025-06-30T20:15:40.7984356Z {"commit": "30f117eb3ccefb6c6897a21088fca576ee12ba06", "authorName": "daledah", "subject": "fix: incorrect conditions"},
2025-06-30T20:15:40.7985392Z {"commit": "ad1501e091e2bc6361bd328f71df3f1b661c3b64", "authorName": "Jack Senyitko", "subject": "Merge pull request #64456 from Expensify/cmartins-fixMovingWorkspace"},
2025-06-30T20:15:40.7986534Z {"commit": "df1928a70c4b946c4d720b4437f08cb029fdc30d", "authorName": "Mohammad Luthfi Fathur Rahman", "subject": "Merge pull request #64492 from dominictb/fix/64044"},
2025-06-30T20:15:40.7987849Z {"commit": "87a852374ade648f474bee663365ffdf6da8919e", "authorName": "Mohammad Luthfi Fathur Rahman", "subject": "Merge pull request #64410 from nkdengineer/fix/64157"},
2025-06-30T20:15:40.7989038Z {"commit": "bf3017c1ed3ecbc68510604c2af6144a604d7258", "authorName": "Rory Abraham", "subject": "Merge pull request #60421 from software-mansion-labs/war-in/rn-79-update"},
2025-06-30T20:15:40.7989959Z {"commit": "bac35f3a8a06e10d19b08439f3971706c4370662", "authorName": "Jules", "subject": "resolve conflict"},
2025-06-30T20:15:40.7990862Z {"commit": "fbaa429912b1bd11f1a447040e306d38adf930df", "authorName": "OSBotify", "subject": "Update Mobile-Expensify submodule version to 9.1.70-4"},
2025-06-30T20:15:40.7991771Z {"commit": "71057a873fbc6bb69ff531271ef9752584d1fd92", "authorName": "OSBotify", "subject": "Update version to 9.1.70-4"},
2025-06-30T20:15:40.7992710Z {"commit": "8ac4de4fd34ae33a94def4fd99f3c79aa7a17c6b", "authorName": "OSBotify", "subject": "Update Mobile-Expensify submodule version to 9.1.70-4"},
2025-06-30T20:15:40.7993620Z {"commit": "8cbcc604aab9e0942d44c6e5001b095ec21b6100", "authorName": "OSBotify", "subject": "Update version to 9.1.70-4"},
2025-06-30T20:15:40.7994632Z {"commit": "3ba08f86a4e59d898161708edf2c42a65e807527", "authorName": "OSBotify", "subject": "Update Mobile-Expensify submodule to include cherry-picked PR #13602"},
2025-06-30T20:15:40.7995701Z {"commit": "c4a0afa48d6b15d46ad17d5a474a05ac7666576b", "authorName": "OSBotify", "subject": "Update Mobile-Expensify submodule version to 9.1.70-3"},
2025-06-30T20:15:40.7996598Z {"commit": "1005f1b752e6cda45205530baaacffbff5f4608c", "authorName": "OSBotify", "subject": "Update version to 9.1.70-3"},
2025-06-30T20:15:40.7997877Z {"commit": "9dd284327e6b9eaa9a2156d2f8c69cbf7d701690", "authorName": "OSBotify", "subject": "Update Mobile-Expensify submodule version to 9.1.70-3"},
2025-06-30T20:15:40.7999029Z {"commit": "62abe4ac2454ae3a555cfa813b0ea0e03a152590", "authorName": "OSBotify", "subject": "Update version to 9.1.70-3"},
2025-06-30T20:15:40.8000064Z {"commit": "af82d10eabebd9f20215e9aa4d5c76324a2805f5", "authorName": "Jules", "subject": "Merge pull request #64729 from software-mansion-labs/war-in/revert-sign-in-page"},
2025-06-30T20:15:40.8001116Z {"commit": "532e70a12115819e9df10f9134c0722ccb26d2b7", "authorName": "OSBotify", "subject": "Update Mobile-Expensify submodule to 520848c"},
2025-06-30T20:15:40.8001995Z {"commit": "ea827628626f87613fed0f85d4c1c3e603a9892d", "authorName": "war-in", "subject": "fix generateTranslations.ts"},
2025-06-30T20:15:40.8003157Z {"commit": "070e2ee8f833a36897efb50cddfb9cbeee52afee", "authorName": "Andrew Gable", "subject": "Merge pull request #64639 from bernhardoj/fix/64147-the-original-transaction-thread-is-shown-in-lhn"},
2025-06-30T20:15:40.8004379Z {"commit": "2c834fe8c969b51875a388e50c429cff2bdb666e", "authorName": "Bernhard Owen Josephus", "subject": "fix missing report name in Reports > Chats page"},
2025-06-30T20:15:40.8005571Z {"commit": "2c511bdccb1fe01bd07b8a74ecab5e8515b5a474", "authorName": "daledah", "subject": "fix: show change workspace option for paid IOU"},
2025-06-30T20:15:40.8006580Z {"commit": "28b9c0b2c3b906ef3c2074a433fd882ad9b71a42", "authorName": "Rushat Gabhane", "subject": "Merge branch 'Expensify:main' into retract-bugs-x"},
2025-06-30T20:15:40.8007815Z {"commit": "4281f3c2f71ee12d6902e74220c0f764aed867ef", "authorName": "war-in", "subject": "revert ND SignInPage"},
2025-06-30T20:15:40.8008648Z {"commit": "e13f6e1a8ad647d23aa309783ded55d9c80b697d", "authorName": "Eduardo", "subject": "fixed eslint import error"},
2025-06-30T20:15:40.8009474Z {"commit": "db43b21567f5ae02bcf9d4628410168776bc9420", "authorName": "war-in", "subject": "fix typecheck & package-lock"},
2025-06-30T20:15:40.8010348Z {"commit": "5d236eea35d9fe4568d198cc33def0b78c3e056c", "authorName": "cretadn22", "subject": "remove pendingFields from API params"},
2025-06-30T20:15:40.8011266Z {"commit": "00ca57e0702815ba5b8b0d4f938d4766b532f791", "authorName": "war-in", "subject": "Merge branch 'main' into war-in/rn-79-update"},
2025-06-30T20:15:40.8012241Z {"commit": "a2bce5b827d18fc7ea4e2b6e5a1e5e14231a4e83", "authorName": "Issa Nimaga", "subject": "Merge pull request #64674 from nkdengineer/fix/63919"},
2025-06-30T20:15:40.8013270Z {"commit": "2c33ae6d642e0bfe59547b69c2634a98e498db59", "authorName": "Michał Muzyk", "subject": "translations"},
2025-06-30T20:15:40.8014191Z {"commit": "b8ef627fc31fca5bc0aea92db815f8e60a05130f", "authorName": "Vivek Kumar", "subject": "Merge pull request #63832 from nkdengineer/fix/62536"},
2025-06-30T20:15:40.8015167Z {"commit": "2ae3ba041f8e4ccb935232078650a38344e43b89", "authorName": "VH", "subject": "Do not show sms reset result while API is in progress"},
2025-06-30T20:15:40.8016205Z {"commit": "a2970b8f7e0766b7842e22e8dffbfc64ba98097a", "authorName": "Vivek Kumar", "subject": "Merge pull request #64681 from Expensify/dangrous-removeretractbeta"},
2025-06-30T20:15:40.8017503Z {"commit": "b9e3647420440ffee028ff7778e4fa6182581788", "authorName": "thelullabyy", "subject": "fix: Incorrect ND onboarding modals when route app via SMB"},
2025-06-30T20:15:40.8018581Z {"commit": "6d120bf26633ef96e94436ad4494c827cbf0f8ca", "authorName": "Youssef Lourayad", "subject": "Merge pull request #64146 from nkdengineer/fix/62262"},
2025-06-30T20:15:40.8019748Z {"commit": "c22a8324c655e55f7dadc0c507026ea0d22e2668", "authorName": "Linh Vo", "subject": "Merge branch 'Expensify:main' into fix/63913-contact-list-search-field-not-auto-focused"},
2025-06-30T20:15:40.8020938Z {"commit": "b3c1fb81eee0e77a5b63010148ad638743baa625", "authorName": "FitseTLT", "subject": "Merge branch 'main' into fix-remove-go-to-rooms-workpsace-menu-items"},
2025-06-30T20:15:40.8022075Z {"commit": "ecf1668240958c5fd14acab54e16efd9b3c3ebbe", "authorName": "FitseTLT", "subject": "Merge branch 'main' into fix-remove-go-to-rooms-workpsace-menu-items"},
2025-06-30T20:15:40.8023260Z {"commit": "02e37d772e90404b1bba00fb9d0fb9f4cdf35547", "authorName": "Puneet Lath", "subject": "Merge pull request #64377 from FitseTLT/fix-showing-export-for-invoice-reports"},
2025-06-30T20:15:40.8024456Z {"commit": "146dd00c4de5a8c1247de450903bf1ea0c6708bc", "authorName": "Nathalie Kuoch", "subject": "Merge pull request #56092 from callstack-internal/feature/allow-negative"},
2025-06-30T20:15:40.8025737Z {"commit": "4a0312b9905cac28af173c57f4432c2ccf520906", "authorName": "Chirag Chandrakant Salian", "subject": "Merge pull request #64686 from Expensify/revert-62638-fix/62235-missing-split-preview"},
2025-06-30T20:15:40.8026903Z {"commit": "ae2c716265e2aa7867f2e8942da292a52a69052b", "authorName": "OSBotify", "subject": "Update Mobile-Expensify submodule version to 9.1.70-2"},
2025-06-30T20:15:40.8028033Z {"commit": "11644bde392ef2030c3e3bbdf0f16cbf1f48b6bb", "authorName": "OSBotify", "subject": "Update version to 9.1.70-2"},
2025-06-30T20:15:40.8028969Z {"commit": "b150b1352b57e4f439c8446ad0b7745597ff12b3", "authorName": "OSBotify", "subject": "Update Mobile-Expensify submodule version to 9.1.70-2"},
2025-06-30T20:15:40.8030025Z {"commit": "b38bc84ddc258bf855317f65298f3f7f839ca65f", "authorName": "OSBotify", "subject": "Update version to 9.1.70-2"},
2025-06-30T20:15:40.8031285Z {"commit": "2fe1f705c3fa58c65a8a89aa1f1c7c096c06e089", "authorName": "Chirag Chandrakant Salian", "subject": "Merge pull request #64686 from Expensify/revert-62638-fix/62235-missing-split-preview"},
2025-06-30T20:15:40.8032590Z {"commit": "299aaa11ec2b0c05e74a86f5a1eff270b0c04b95", "authorName": "Chirag Chandrakant Salian", "subject": "Revert "Split - Missing split preview when expense is split in room""},
2025-06-30T20:15:40.8033729Z {"commit": "2fa63aa29740118ffad72c8cb68bce744c7f8598", "authorName": "Scott Deeter", "subject": "Merge pull request #61845 from rushatgabhane/feat/vacation"},
2025-06-30T20:15:40.8034621Z {"commit": "c63ffa7528b0825bf591bc04de6f3a124c8cfbf2", "authorName": "Rushat Gabhane", "subject": "submodule"},
2025-06-30T20:15:40.8035376Z {"commit": "608001fba14138422f7e8beab221b090f320f2aa", "authorName": "Rushat Gabhane", "subject": "fix lang"},
2025-06-30T20:15:40.8036276Z {"commit": "eec8c9936977b312f807edd9eada6a67c8190f60", "authorName": "Rushat Gabhane", "subject": "Merge branch 'Expensify:main' into feat/vacation"},
2025-06-30T20:15:40.8037221Z {"commit": "4fb1a0f5cfea7d827fec1772916b588c69747b63", "authorName": "Rushat Gabhane", "subject": "show display name in warning"},
2025-06-30T20:15:40.8038261Z {"commit": "0556ecb5af4e84077eb9c3c0e6b9b3e426afc9c4", "authorName": "Rushat Gabhane", "subject": "show warning modal if policy diff warning"},
2025-06-30T20:15:40.8039279Z {"commit": "e2f39166f413fdd9cfe492772684bac90c1c8dea", "authorName": "Jules", "subject": "Merge pull request #64287 from parasharrajat/parasharrajat/octo"},
2025-06-30T20:15:40.8040184Z {"commit": "1d88c382b3b8188a18e3b4a22ba581907875b017", "authorName": "Rajat Parashar", "subject": "Update details"},
2025-06-30T20:15:40.8040979Z {"commit": "bbe04e3db0410abca38b68c0ef133f8d765f06b7", "authorName": "Rajat Parashar", "subject": "Add details.md"},
2025-06-30T20:15:40.8042045Z {"commit": "51823bf5010d1dd9637d13b24348f430fd6e62c5", "authorName": "Benjamin Limpich", "subject": "Merge pull request #64527 from thelullabyy/fix/64061-markdown-is-rendered-as-html"},
2025-06-30T20:15:40.8043066Z {"commit": "b5792508c48d6d0a6736230f1f1255c885bc8928", "authorName": "Rajat Parashar", "subject": "Update github actions"},
2025-06-30T20:15:40.8043861Z {"commit": "9a44fba1ab14806b9ff734ea97810926bc2cd4ea", "authorName": "Daniel Gale-Rosen", "subject": "fix lint"},
2025-06-30T20:15:40.8044612Z {"commit": "e64ddceef35b203f68a3b42aa2529a17dee511f6", "authorName": "FitseTLT", "subject": "fix lint"},
2025-06-30T20:15:40.8045434Z {"commit": "07453ba967c77966a0c9466f3e602bbfcfbcb5a3", "authorName": "Rajat Parashar", "subject": "Add patch for latest changes"},
2025-06-30T20:15:40.8046333Z {"commit": "948aeb22c396eae1e10452a77f7d30fde7561e47", "authorName": "Rajat Parashar", "subject": "Revert "Update needed packages""},
2025-06-30T20:15:40.8047130Z {"commit": "1ad4941b9b78623a20157bd2c41804bdb1dc0f75", "authorName": "FitseTLT", "subject": "fix ts"},
2025-06-30T20:15:40.8048039Z {"commit": "81c6616a5a63b2fec7a80b39b61ae3a95fa3aa21", "authorName": "Daniel Gale-Rosen", "subject": "remove beta code"},
2025-06-30T20:15:40.8049188Z {"commit": "09076ca906c282aaba16bdd631cf799637394db2", "authorName": "Carlos Martins", "subject": "Merge pull request #64240 from sofi-a/64021-bring-design-patterns-inline-for-all-search-filters"},
2025-06-30T20:15:40.8050185Z {"commit": "7e3c16c78cb70251cda36dd6830d1d608534e1dd", "authorName": "FitseTLT", "subject": "fix lint"},
2025-06-30T20:15:40.8051270Z {"commit": "50d5683ccafb1d7986b20647c4483533b9a30ef6", "authorName": "FitseTLT", "subject": "Merge branch 'main' into fix-remove-call-to-getReportNameValuePairs-in-canEditWriteCapability"},
2025-06-30T20:15:40.8052289Z {"commit": "225aad15325989688a48371d1a88e3392867bd37", "authorName": "FitseTLT", "subject": "updated tests"},
2025-06-30T20:15:40.8053165Z {"commit": "27d1aa761a36c3e4629c03a6b55cf5db1240a9cc", "authorName": "FitseTLT", "subject": "refactor code"},
2025-06-30T20:15:40.8054196Z {"commit": "dfe0420d5d2fef93a64f5bd6da863acd741d66f0", "authorName": "Marc Glasser", "subject": "Merge pull request #63725 from parasharrajat/parasharrajat/private-domain-button"},
2025-06-30T20:15:40.8055457Z {"commit": "875bd5b210117b7748a7d01d49419c05c941604b", "authorName": "nkdengineer", "subject": "Test drive modal appears briefly when closing the validation page"},
2025-06-30T20:15:40.8056542Z {"commit": "4016dead6e04902237376b8eaf406dae16743c2f", "authorName": "Carlos Martins", "subject": "Merge pull request #64611 from Expensify/Rory-DryRunCheck"},
2025-06-30T20:15:40.8057849Z {"commit": "a88ce25d03ea6e9f70059bfbacdd9228d5b0dc4a", "authorName": "Francois Laithier", "subject": "Merge pull request #64621 from nabi-ebrahimi/fix/android-mweb-scan-camera-gap"},
2025-06-30T20:15:40.8059177Z {"commit": "182b97a9fa5b4010442e5bde08b92d91c79bff93", "authorName": "FitseTLT", "subject": "Merge branch 'main' into fix-remove-call-to-getReportNameValuePairs-in-canEditWriteCapability"},
2025-06-30T20:15:40.8060472Z {"commit": "ccc9de75917a27107785f08125d045a51f387187", "authorName": "nkdengineer", "subject": "Expense preview disappears in workspace chat after report workspace change fails"},
2025-06-30T20:15:40.8061407Z {"commit": "37484c7ac15e0f84f344094a5ac1e2f7cfc09f96", "authorName": "DylanDylann", "subject": "rename"},
2025-06-30T20:15:40.8062465Z {"commit": "f36c63c11d90b7d1cc5f95dc2c2ae6b72b1e68e6", "authorName": "Nikki Wines", "subject": "Merge pull request #64657 from thelullabyy/revert-64161-fix/62991-LHN-not-show-message-sent"},
2025-06-30T20:15:40.8063603Z {"commit": "29912291b7822b9f02d7176c724c9a7a79dafb26", "authorName": "OSBotify", "subject": "Update Mobile-Expensify submodule version to 9.1.70-1"},
2025-06-30T20:15:40.8064502Z {"commit": "7c4a9bf0f62c6fefd1ca472ec96702151c3cf304", "authorName": "OSBotify", "subject": "Update version to 9.1.70-1"},
2025-06-30T20:15:40.8065436Z {"commit": "d13423dbd7aad1113369302a472eb46493298243", "authorName": "OSBotify", "subject": "Update Mobile-Expensify submodule version to 9.1.70-1"},
2025-06-30T20:15:40.8066330Z {"commit": "51d19745cd248f7d2261e01dac1e5fd2111a2252", "authorName": "OSBotify", "subject": "Update version to 9.1.70-1"},
2025-06-30T20:15:40.8067406Z {"commit": "a1da75247c8d7568232ceb7e2ceb52d6ad9e0293", "authorName": "Neil Marcellini", "subject": "Merge pull request #64613 from allroundexperts/fix-64364"},
2025-06-30T20:15:40.8068617Z {"commit": "69dcdff34a724d9d3b48818826adc796bf9809d6", "authorName": "Nikki Wines", "subject": "Merge pull request #64657 from thelullabyy/revert-64161-fix/62991-LHN-not-show-message-sent"},
2025-06-30T20:15:40.8069953Z {"commit": "a7a152378398b476bed8e20e736c454317ddfef1", "authorName": "Vit Horacek", "subject": "Merge pull request #63980 from callstack-internal/perf/improve-calculating-displayed-lhn-reports"},
2025-06-30T20:15:40.8071195Z {"commit": "0cf7e781fdff2bd92623f004e968c3d8de9e1a5e", "authorName": "thelullabyy", "subject": "Revert "LHN-LHN doesn't show the message sent or the system message""},
2025-06-30T20:15:40.8072437Z {"commit": "b160e00ea3c3d77d4986141eb69843ddc843e9e4", "authorName": "Cristi Paval", "subject": "Merge pull request #63848 from callstack-internal/VickyStash/feature/61184-bulk-create-expense"},
2025-06-30T20:15:40.8073616Z {"commit": "3a63198867472392e91c8a2d9db3439964df1d03", "authorName": "Daniel Gale-Rosen", "subject": "Merge pull request #63996 from nkdengineer/fix/63409"},
2025-06-30T20:15:40.8074852Z {"commit": "20fecd3b036a585366f8372adf986fa9caceab7a", "authorName": "Lucien Akchoté", "subject": "Merge pull request #64305 from Expensify/RachCHopkins-patch-4"},
2025-06-30T20:15:40.8076042Z {"commit": "ab05b2c57ce62dd92ef70b43c534203660970fc4", "authorName": "Monil Bhavsar", "subject": "Merge pull request #64495 from callstack-internal/fix-infinite-company-card-loader"},
2025-06-30T20:15:40.8077150Z {"commit": "87aa303261b3691a2e915956c8c552aa0187d8f1", "authorName": "Rushat Gabhane", "subject": "run pretty"},
2025-06-30T20:15:40.8078028Z {"commit": "98771a033471f34cb1f498453b611c1d8ddf4649", "authorName": "Rushat Gabhane", "subject": "add autofocus"},
2025-06-30T20:15:40.8078796Z {"commit": "f7d48cf8cfb8834b2423ea377b768640202c5ad1", "authorName": "Rushat Gabhane", "subject": "merge main"},
2025-06-30T20:15:40.8079657Z {"commit": "c7fe9791b442a0c5cb9f10b2132020388852eaa0", "authorName": "FitseTLT", "subject": "remove comments"},
2025-06-30T20:15:40.8080575Z {"commit": "255d04caa4017553f4cbff904e1f5fd4a67e6435", "authorName": "Michał Muzyk", "subject": "fix: valid cspell word"},
2025-06-30T20:15:40.8081405Z {"commit": "83eb5443cca5c4e536cbd77660997c7f9bbd13bc", "authorName": "Rushat Gabhane", "subject": "use pure function"},
2025-06-30T20:15:40.8082434Z {"commit": "dd49fbffa7feaf49753ac60d0a3c4847780ab456", "authorName": "Marcin Swornowski", "subject": "Merge branch 'main' into VickyStash/feature/61184-bulk-create-expense"},
2025-06-30T20:15:40.8083413Z {"commit": "a60761f7700e480ad3700659ca8995c07cd2057e", "authorName": "Rushat Gabhane", "subject": "disable autofocus"},
2025-06-30T20:15:40.8084352Z {"commit": "5f09b5aa775764b54d2d4952d695c76c69d98637", "authorName": "Rushat Gabhane", "subject": "try to fix navigation issue"},
2025-06-30T20:15:40.8085627Z {"commit": "3aff03c33d0daee5087556ed5754881f8d5bc06e", "authorName": "Michał Muzyk", "subject": "Merge branch 'main' of https://github.com/Expensify/App into feat/62281-business-tax-id-desc"},
2025-06-30T20:15:40.8086717Z {"commit": "7e5dba2746d27dbc7c9becde88bc32a2f4b78a3c", "authorName": "Michał Muzyk", "subject": "fix: cspell"},
2025-06-30T20:15:40.8087768Z {"commit": "57a32cb89a38a57f6a5d62a591ba574b487861df", "authorName": "Sofonias Abathun", "subject": "fix: inconsistency in focused item styling"},
2025-06-30T20:15:40.8088901Z {"commit": "b1dc60448624722d4bcfb1f5c062ae6339abf4cd", "authorName": "Sofonias Abathun", "subject": "fix: disable shouldSelectOnPressEnter prop by default in Checkbox component"},
2025-06-30T20:15:40.8090170Z {"commit": "de99dd7784d76b8050aa0b0426e1fdff45684b6f", "authorName": "drminh2807", "subject": "fix: Adjust maxLength and contentWidth for amount input in MoneyRequestConfirmationList"},
2025-06-30T20:15:40.8091175Z {"commit": "8e4b7348e278db923383edf6924ca8d5760ed845", "authorName": "Bernhard Owen Josephus", "subject": "prettier"},
2025-06-30T20:15:40.8092085Z {"commit": "62b89d881f05111dc7b165ab3fd5812f1ecaf79b", "authorName": "Bernhard Owen Josephus", "subject": "delete original transaction thread"},
2025-06-30T20:15:40.8093255Z {"commit": "d500a60f03dc0115dab9f6dddb903ebe01750374", "authorName": "Sofonias Abathun", "subject": "fix: add shouldSelectOnPressEnter prop to control checkbox selection on Enter key press"},
2025-06-30T20:15:40.8094433Z {"commit": "1bba8b9554dcac865fecc8d4b136cccf295660ba", "authorName": "Yauheni Pasiukevich", "subject": "Merge branch 'main' into feature/allow-negative"},
2025-06-30T20:15:40.8095320Z {"commit": "77383166fcbe943c3d8a2a35b5165d110413cd1e", "authorName": "Rushat Gabhane", "subject": "rm unused"},
2025-06-30T20:15:40.8096085Z {"commit": "9741f5ec91f8bd0ddf2e3c654a20518eaaf221bb", "authorName": "Rushat Gabhane", "subject": "add usestate"},
2025-06-30T20:15:40.8096962Z {"commit": "d3bd95c68cf0201205f2395a8457f77fca157090", "authorName": "Rushat Gabhane", "subject": "Merge branch 'main' into feat/vacation"},
2025-06-30T20:15:40.8097909Z {"commit": "617635a256107b0b00efb896702d3bf871445a69", "authorName": "cretadn22", "subject": "fix comments"},
2025-06-30T20:15:40.8098992Z {"commit": "626b193cdd7ee6be00ec093522e7bb83babea622", "authorName": "Sofonias Abathun", "subject": "fix: update Checkbox prop from containerStyle to containerBorderRadius for consistency"},
2025-06-30T20:15:40.8100193Z {"commit": "986b1830dd59b69a193170dbdbec321287664b78", "authorName": "Bernhard Owen Josephus", "subject": "fix view button is shown briefly when submitting expense"},
2025-06-30T20:15:40.8101696Z {"commit": "92f7039275c5903266f6159aa30f1b60a56bf5b8", "authorName": "Michał Muzyk", "subject": "Merge branch 'main' of https://github.com/Expensify/App into feat/62281-business-tax-id-desc"},
2025-06-30T20:15:40.8102857Z {"commit": "89328042895310d246b8a84f353a82c44f9d09ee", "authorName": "Bernhard Owen Josephus", "subject": "fix track expense can't be deleted when offline"},
2025-06-30T20:15:40.8103973Z {"commit": "3d544679cd0d96128b2c1c4d7167ff1d6ce122a5", "authorName": "Bernhard Owen Josephus", "subject": "check emojis only from the parsed msg"},
2025-06-30T20:15:40.8105267Z {"commit": "279b93fe23a5983503f5214189007b5b0a42844c", "authorName": "Tomasz Misiukiewicz", "subject": "Merge remote-tracking branch 'upstream/main' into perf/improve-calculating-displayed-lhn-reports"},
2025-06-30T20:15:40.8106464Z {"commit": "f151ad1b492a2af9449608cfcfba046950fc4929", "authorName": "Bernhard Owen Josephus", "subject": "check emojis only from the parsed msg"},
2025-06-30T20:15:40.8107483Z {"commit": "28adc68acced222ce586cfd076ec70156d92da95", "authorName": "Bernhard Owen Josephus", "subject": "fix test"},
2025-06-30T20:15:40.8108295Z {"commit": "92d2cd5e1de0bb2fdf32b6915a2a1154e8d7556d", "authorName": "Bernhard Owen Josephus", "subject": "lint"},
2025-06-30T20:15:40.8109331Z {"commit": "c501e3a743d79099547cfcb65bc4b5ab8fff8afc", "authorName": "Bernhard Owen Josephus", "subject": "Merge branch 'main' into fix/64027-extra-expense-after-delete-report"},
2025-06-30T20:15:40.8109900Z 
2025-06-30T20:15:40.8110339Z {"commit": "defddbda03335ee7752d3356d3ff92b643439659", "authorName": "Bernhard Owen Josephus", "subject": "fix typo"},
2025-06-30T20:15:40.8111145Z {"commit": "7b8fa82ff005d8236f245adeb9a9a1a60dee9680", "authorName": "Bernhard Owen Josephus", "subject": "add test"},
2025-06-30T20:15:40.8111945Z {"commit": "3aa126a6e8be601d5315d713979ed952c2a7166b", "authorName": "Isha Kakkad", "subject": "Fix review changes"},
2025-06-30T20:15:40.8112964Z {"commit": "311b181831ffe9e69a5e4c7b4ad3fabacd2d8222", "authorName": "Nabi Ebrahimi", "subject": "fix(scan): apply flex: 1 to <View> wrapping Webcam to eliminate layout gap"},
2025-06-30T20:15:40.8113918Z {"commit": "9d3fa05a9e9ce0f37c228470c25d2356baa27e0b", "authorName": "DylanDylann", "subject": "update style"},
2025-06-30T20:15:40.8114711Z {"commit": "c9cf15acc7772d4e655065a295e9072566ef7d3f", "authorName": "thelullabyy", "subject": "revert forceReplace"},
2025-06-30T20:15:40.8115487Z {"commit": "fe37b597d957cf10099af0c4f7b1272d7abd3155", "authorName": "thelullabyy", "subject": "fix lint"},
2025-06-30T20:15:40.8116600Z {"commit": "0964324476ef700a887eea340b51afe86b7ce81f", "authorName": "Bernhard Owen Josephus", "subject": "Merge branch 'main' into fix/61991-merchant-field-missing-when-open-from-qab-after-login"},
2025-06-30T20:15:40.8117982Z {"commit": "1408afca9af89dc3ec9664be86e44a27526eab0e", "authorName": "thelullabyy", "subject": "Merge branch 'main' into fix/63116-swiping-to-right-after-assigning-card"},
2025-06-30T20:15:40.8119039Z {"commit": "ad9961915495388ebbd2d3376cc431d4645ba2d6", "authorName": "thelullabyy", "subject": "fix: update logic back to in Assign card"},
2025-06-30T20:15:40.8119922Z {"commit": "5d37470d47468fbc8d5c27bc09e0cd50ddcdaaa6", "authorName": "rory", "subject": "remove CONST import from script"},
2025-06-30T20:15:40.8120735Z {"commit": "2fdc25464bececa77dea709d2293397673b9c072", "authorName": "rory", "subject": "Add error notation"},
2025-06-30T20:15:40.8121513Z {"commit": "b60f27f5d75414a74c838a8fbcac41d660ffa576", "authorName": "rory", "subject": "Remove continue-on-error"},
2025-06-30T20:15:40.8122285Z {"commit": "323ebf1867b96434515b515f3345136d94a28cae", "authorName": "rory", "subject": "Add usage of CONST"},
2025-06-30T20:15:40.8123052Z {"commit": "b96d04d126c6f1e55b72949009787da93803f52f", "authorName": "rory", "subject": "Fix actions/checkout ref"},
2025-06-30T20:15:40.8124045Z {"commit": "6f43c9da510649c55d410a70f0895fbdbcb21fad", "authorName": "drminh2807", "subject": "fix(64243): Expense - Can't edit single-digit amount near 0.00 in split"},
2025-06-30T20:15:40.8125149Z {"commit": "b80127d0c6695cd90a9a679b534c2d53201b8ef2", "authorName": "Sibtain Ali", "subject": "add manual distance beta"},
2025-06-30T20:15:40.8126040Z {"commit": "02d52793f70793e23be56eb17c67a9ccb16fd800", "authorName": "rory", "subject": "Add CONST import - this should break the check"},
2025-06-30T20:15:40.8127011Z {"commit": "99128af1f38345a779c15fd3009f585ee460ded8", "authorName": "rory", "subject": "Add step to explain the failure"},
2025-06-30T20:15:40.8128092Z {"commit": "4b05cfff19d47331c3294a4c101e7936d3fd865e", "authorName": "Sibtain Ali", "subject": "add merge account blocking view"},
2025-06-30T20:15:40.8129057Z {"commit": "e1a2e80a97e84c1c520abf6726e10a8ccf585e53", "authorName": "rory", "subject": "Run generateTranslations dry run on every pull request"},
2025-06-30T20:15:40.8129934Z {"commit": "7c342ada6eaedb4357d5ea2f6f939e4bda001a39", "authorName": "rory", "subject": "Rebuild gh actions"},
2025-06-30T20:15:40.8130728Z {"commit": "6a266e1427523833e28b48bb020b9dbb5804e49b", "authorName": "rory", "subject": "Remove from .prettierignore"},
2025-06-30T20:15:40.8131748Z {"commit": "8744713c5e18365e4ca41bb65c2aa9a56dafeadc", "authorName": "rory", "subject": "Put token validation in GithubUtils"},
2025-06-30T20:15:40.8132864Z {"commit": "35ab31e094215667e04ae0547e1e949ff6b80d42", "authorName": "rory", "subject": "Use require instead of import"},
2025-06-30T20:15:40.8133756Z {"commit": "42d21c4be3b7c5cdd769183a6c99bd4f659df936", "authorName": "rory", "subject": "Print working directory in octokit test script"},
2025-06-30T20:15:40.8134614Z {"commit": "1c7675e53d6768d6de3886e21e91331fa580559f", "authorName": "rory", "subject": "Add octokit testing script"},
2025-06-30T20:15:40.8135435Z {"commit": "a69948db5ddddd35de663610c4cf79974e44559c", "authorName": "FitseTLT", "subject": "remove go to rooms menu items"},
2025-06-30T20:15:40.8136468Z {"commit": "5659ece1bc75ff00ec8b8aeac6e9d066d0e2a5ea", "authorName": "Sofonias Abathun", "subject": "fix: add margin to checkbox container  style for better focus outline"},
2025-06-30T20:15:40.8137801Z {"commit": "15a7979724791ccfbc0af25a2c4d3910c51afdf1", "authorName": "Sofonias Abathun", "subject": "fix: trigger checkbox selection on enter key press"},
2025-06-30T20:15:40.8139042Z {"commit": "e702e260913d8370069c2187fc2700a71ec39700", "authorName": "FitseTLT", "subject": "Merge branch 'main' into fix-remove-call-to-getReportNameValuePairs-in-canEditWriteCapability"},
2025-06-30T20:15:40.8140239Z {"commit": "25473c35fb9b4d2a5ca11baea536e1395e0c7463", "authorName": "Carlos Martins", "subject": "Merge branch 'main' into cmartins-fixMovingWorkspace"},
2025-06-30T20:15:40.8141155Z {"commit": "a5c1b9470fe1bba2270b7faef4f9a3bce05dfa24", "authorName": "cretadn22", "subject": "remove type import"},
2025-06-30T20:15:40.8141978Z {"commit": "161fc6fcd161e931ac62aba1fb0e9a20b49a381e", "authorName": "Rushat Gabhane", "subject": "add more fallbacks"},
2025-06-30T20:15:40.8142827Z {"commit": "0c068ac13fb97cd46ced6b4d734328e7191b6f11", "authorName": "cretadn22", "subject": "update-pending-for-each-item"},
2025-06-30T20:15:40.8143791Z {"commit": "b2761ec9f16ea3ed8aa25b5e73691fa1326f541f", "authorName": "Krishna", "subject": "Merge branch 'Expensify:main' into krishna2323/issue/62036"},
2025-06-30T20:15:40.8144850Z {"commit": "da864072cea5719b2037a9fb764e933ad7b69f83", "authorName": "Rushat Gabhane", "subject": "Merge remote-tracking branch 'origin' into feat/vacation"},
2025-06-30T20:15:40.8145998Z {"commit": "0b62612d7d3d95b64f1b4ab58642a94982b9918a", "authorName": "Sofonias Abathun", "subject": "refactor: remove FixedFooter usage from SearchFilterPageFooterButtons"},
2025-06-30T20:15:40.8147250Z {"commit": "691e6722be71d832d12cb93720e8021de7337347", "authorName": "Sofonias Abathun", "subject": "Merge branch 'main' into 64021-bring-design-patterns-inline-for-all-search-filters"},
2025-06-30T20:15:40.8148425Z {"commit": "19d3cd9daa7ec8f59ca085e913a00211a5f97621", "authorName": "DylanDylann", "subject": "fix edge case"},
2025-06-30T20:15:40.8149357Z {"commit": "4838e2f00a65ebea92692b4f9f2a399fc2af8cbb", "authorName": "DylanDylann", "subject": "update style"},
2025-06-30T20:15:40.8150116Z {"commit": "f7c303ac7d5df7647d336b03bdda066d80b5d8c9", "authorName": "DylanDylann", "subject": "merge main"},
2025-06-30T20:15:40.8150868Z {"commit": "9f7b5389c3ab077bf239ea168a3df0b4b8acf4f4", "authorName": "DylanDylann", "subject": "merge main"},
2025-06-30T20:15:40.8151876Z {"commit": "a586ece82b15477469561ddb9ea2be46295d5e86", "authorName": "Isha Kakkad", "subject": "63642: There is a line trash pixel on the Scan tooltip"},
2025-06-30T20:15:40.8152750Z {"commit": "b1984a9215c2407860953fe77a5d854a7a6bd255", "authorName": "nkdengineer", "subject": "fix lint error"},
2025-06-30T20:15:40.8153511Z {"commit": "627a41f4c2a0dda968e96f652b4ba9d6791fe6d9", "authorName": "thelullabyy", "subject": "update test"},
2025-06-30T20:15:40.8154266Z {"commit": "99e37a9728fca8561fcab2bab28dbbfe4e47fb31", "authorName": "thelullabyy", "subject": "fix ESlint"},
2025-06-30T20:15:40.8155221Z {"commit": "146b6ed5159c338c5bd1b9ae0b416b0047d978eb", "authorName": "thelullabyy", "subject": "Merge branch 'main' into fix/64061-markdown-is-rendered-as-html"},
2025-06-30T20:15:40.8156218Z {"commit": "19f41807068c8efbd7908fa66da29cdf859333e8", "authorName": "thelullabyy", "subject": "fix: markdown is rendered as html"},
2025-06-30T20:15:40.8157078Z {"commit": "daaa380881c0132533d3b18a22e3f5438ddc091b", "authorName": "nkdengineer", "subject": "resolve conflicts"},
2025-06-30T20:15:40.8158066Z {"commit": "ee12266365797a3b18dab5ff1230429c2e85d086", "authorName": "nkdengineer", "subject": "fix bug on desktop"},
2025-06-30T20:15:40.8159189Z {"commit": "273eecf246b87470acf0674b2a433bf807899edd", "authorName": "FitseTLT", "subject": "Merge branch 'main' into fix-remove-call-to-getReportNameValuePairs-in-canEditWriteCapability"},
2025-06-30T20:15:40.8160212Z {"commit": "cf5cd2761c6660045e949dae3b8fa82ab92d0f35", "authorName": "Monil Bhavsar", "subject": "Fix lint"},
2025-06-30T20:15:40.8161017Z {"commit": "1adbc53ea2eff55cbe2100fa6f0dcee659805011", "authorName": "Nicolay Arefyeu", "subject": "fix infinite loader"},
2025-06-30T20:15:40.8161974Z {"commit": "99549bfeddeee4268ac8468e25e3e6ff2dec7514", "authorName": "dominictb", "subject": "fix: pressing enter in import per diem page does not work"},
2025-06-30T20:15:40.8163098Z {"commit": "56940418d3d019b113bae6ba2c3921664f0a66b7", "authorName": "NikkiWines", "subject": "Merge branch 'main' of github.com:Expensify/App into nikki-lock-account-copy"},
2025-06-30T20:15:40.8164082Z {"commit": "30eaeed6031571d72f8ad75eca3571a86bf2a5ff", "authorName": "Yauheni Pasiukevich", "subject": "fix prettier"},
2025-06-30T20:15:40.8165008Z {"commit": "69905d4a7b219029849d5b13c37cd98ce9fbac11", "authorName": "Yauheni Pasiukevich", "subject": "fix wrong filter due to memoization rules"},
2025-06-30T20:15:40.8166057Z {"commit": "b4743adc671b60dba7409f44f3617287014ed27c", "authorName": "Carlos Martins", "subject": "fix moving to workspace if old expense chat already exists"},
2025-06-30T20:15:40.8167146Z {"commit": "e2c82c0e0242568d7a17fda5dfb84ed8635506ee", "authorName": "Sofonias Abathun", "subject": "fix: enable safe area padding in SearchBooleanFilterBase"},
2025-06-30T20:15:40.8168352Z {"commit": "53dfdb1fc82408e99744b51b71cd2afa03ed4c44", "authorName": "Michał Muzyk", "subject": "more changes"},
2025-06-30T20:15:40.8169169Z {"commit": "c9641cef89f1e1d58a7d1d72293b8f33e49ac413", "authorName": "FitseTLT", "subject": "refactored to add a state"},
2025-06-30T20:15:40.8170200Z {"commit": "6c391a5654ae48286c834d87f740902b6be6e222", "authorName": "FitseTLT", "subject": "Merge branch 'main' into fix-clear-error-on-unreported-expense-selection"},
2025-06-30T20:15:40.8171363Z {"commit": "da0389746274fc113fb2b3cef7c6e588a9c8d775", "authorName": "Linh", "subject": "Merge branch 'main' into fix/63913-contact-list-search-field-not-auto-focused"},
2025-06-30T20:15:40.8172506Z {"commit": "f53f105690406e1d5984c0db1b186f1ebe056611", "authorName": "Michał Muzyk", "subject": "feat: 62281 Business tax id description"},
2025-06-30T20:15:40.8173642Z {"commit": "6c7a0076107c2d6fb5c29d542835bf87c738bccd", "authorName": "Yauheni Pasiukevich", "subject": "Merge branch 'main' into feature/allow-negative"},
2025-06-30T20:15:40.8174566Z {"commit": "4ac7a0175c89cb5c5a5a04741683004a570071c3", "authorName": "Jakub Szymczak", "subject": "fix cut off compoer"},
2025-06-30T20:15:40.8175633Z {"commit": "1f85ad3606cd6feece51d5bcbc101450002a3da1", "authorName": "neil-marcellini", "subject": "Merge branch 'main' into neil-improve-help-reindexing"},
2025-06-30T20:15:40.8176538Z {"commit": "6ce78a4bfdb19b19b59af77c302a5234c9b78d2b", "authorName": "nkdengineer", "subject": "fix ts"},
2025-06-30T20:15:40.8177501Z {"commit": "4c0796df28da5513d516905c8fb1f2ff5d7440ec", "authorName": "nkdengineer", "subject": "fix ts error"},
2025-06-30T20:15:40.8178678Z {"commit": "5fbaf922293ae04c9907012ae59edb9440e5cb13", "authorName": "Tomasz Misiukiewicz", "subject": "Merge remote-tracking branch 'upstream/main' into perf/improve-calculating-displayed-lhn-reports"},
2025-06-30T20:15:40.8179875Z {"commit": "eefb0584e5d89d4ebbe534859fb0a4908ad5743b", "authorName": "Issa Nimaga", "subject": "Merge branch 'main' into RachCHopkins-patch-1"},
2025-06-30T20:15:40.8180953Z {"commit": "eb4bffd703aea271ec448cfae769758f7f182f56", "authorName": "nkdengineer", "subject": "fix: Deleted report is shown when admin opens member's workspace chat"},
2025-06-30T20:15:40.8181958Z {"commit": "1448c68e4c9c852aa25193291f1c067993264cac", "authorName": "Piyush", "subject": "Updated translations in all languages"},
2025-06-30T20:15:40.8183080Z {"commit": "91672d6fa440803e060d594c22728944f0570a90", "authorName": "PiyushChandra17", "subject": "Merge branch 'Expensify:main' into PiyushChandra17/refactor/splitphrase/acknowledgement"},
2025-06-30T20:15:40.8184169Z {"commit": "eba695c0525625df0b6e280d2976d874efaf395f", "authorName": "nkdengineer", "subject": "Merge branch 'main' into fix/61304"},
2025-06-30T20:15:40.8185063Z {"commit": "233a909bb9829ed2913508bd938e0665e731bf61", "authorName": "FitseTLT", "subject": "remove export option for invoices"},
2025-06-30T20:15:40.8186293Z {"commit": "79ec0aaba11ba105ca64340c9147758398320ccd", "authorName": "Sofonias Abathun", "subject": "refactor: replace footer buttons with reusable SearchFilterPageFooterButtons component across search filters"},
2025-06-30T20:15:40.8187804Z {"commit": "19b2e0cbf35886fa14dedb129e47eb23ac970e03", "authorName": "Sofonias Abathun", "subject": "refactor: simplify date value assignment in SearchDateFilterBaseRootView"},
2025-06-30T20:15:40.8188871Z {"commit": "a9f2489cdfdbc8e5bff1aabe289ecff345314aac", "authorName": "VickyStash", "subject": "Fix created report action duplicates"},
2025-06-30T20:15:40.8189711Z {"commit": "91dc5eb7134d96d55363d99c1208cb34a19e22ca", "authorName": "Sofonias Abathun", "subject": "fix: style"},
2025-06-30T20:15:40.8190840Z {"commit": "41f2ba7198ca085042261fa50ab33789eda16342", "authorName": "Sofonias Abathun", "subject": "feat: implement new design patterns in Card, Category, Currency, Expense type, and Tag search filters"},
2025-06-30T20:15:40.8192165Z {"commit": "56bc3b11dc0bcb8107be59b9cc13af9d4b821b9f", "authorName": "Sofonias Abathun", "subject": "feat: implement new design patterns in the Billable & Reimbursable search filters"},
2025-06-30T20:15:40.8193228Z {"commit": "452137976ec1d06113bd7bb0ad41d78c3606976f", "authorName": "Blazej Kustra", "subject": "Fix typecheck after main merge"},
2025-06-30T20:15:40.8194031Z {"commit": "ac07e22678fc975c9426859e84d88d19d36375e8", "authorName": "VickyStash", "subject": "Lint fix"},
2025-06-30T20:15:40.8194821Z {"commit": "ad320b91a79418a456b3673b850d1e211b668f39", "authorName": "VickyStash", "subject": "Remove unnecessary return"},
2025-06-30T20:15:40.8195668Z {"commit": "af332c14a226a9833121388a1a876c2aff193d3a", "authorName": "VickyStash", "subject": "Update canUseMultiScan flag"},
2025-06-30T20:15:40.8196683Z {"commit": "2c9c89bfe8c52aec588dd10e30eb93c22e8a0b65", "authorName": "VickyStash", "subject": "Merge branch 'main' into VickyStash/feature/61184-bulk-create-expense"},
2025-06-30T20:15:40.8198047Z {"commit": "ab7467047b5f2e04f5eed1c75465cf4c1aa88b2e", "authorName": "Blazej Kustra", "subject": "Merge branch 'main' into war-in/rn-79-update"},
2025-06-30T20:15:40.8199017Z {"commit": "411cd70eb6f2b8dbc5a432baa920d129bf51d003", "authorName": "nkdengineer", "subject": "Merge branch 'main' into fix/62536"},
2025-06-30T20:15:40.8200323Z {"commit": "d1e3a6ca2bccb4e971a519c75a52734de0b1a68b", "authorName": "Bernhard Owen Josephus", "subject": "Merge branch 'main' into fix/61991-merchant-field-missing-when-open-from-qab-after-login"},
2025-06-30T20:15:40.8201455Z {"commit": "730d7bdd4e282f32583ff2149660ce5c2d97740d", "authorName": "Rachael Hopkins", "subject": "Update Reimburse-Reports.md"},
2025-06-30T20:15:40.8202577Z {"commit": "d753147ed4b5cf193fe31afeefe5dd58600e8275", "authorName": "Bernhard Owen Josephus", "subject": "only move IOU action of CREATE and TRACK to self DM when deleting expense report"},
2025-06-30T20:15:40.8203641Z {"commit": "800a97ebe5e3603d96ce081f1a74f545ba90edce", "authorName": "Pedro Guerreiro", "subject": "chore: resolve linter issues"},
2025-06-30T20:15:40.8204572Z {"commit": "4c29e25268b4b2ab806a6e5aa90725690aa103ee", "authorName": "nkdengineer", "subject": "git pushMerge branch 'main' into fix/62368"},
2025-06-30T20:15:40.8205489Z {"commit": "219203eaa4b048b07ea74a1f37923a4cb13d8733", "authorName": "nkdengineer", "subject": "Merge branch 'main' into fix/62262"},
2025-06-30T20:15:40.8206550Z {"commit": "f6b6b3bd01a34673825a121c11b32cdbe7e0d3ce", "authorName": "thelullabyy", "subject": "Merge branch 'main' into fix/63116-swiping-to-right-after-assigning-card"},
2025-06-30T20:15:40.8207656Z {"commit": "5224eefb3968c4dc64178d6668dc3b0d2641947e", "authorName": "DylanDylann", "subject": "prettier"},
2025-06-30T20:15:40.8208484Z {"commit": "5c2632fd96dcd59db655445b6a72cf8903bb1c70", "authorName": "DylanDylann", "subject": "add translation and fix style"},
2025-06-30T20:15:40.8209349Z {"commit": "90fad7e013948e15eb5ade569ae34144b9067d6a", "authorName": "Rajat Parashar", "subject": "Update needed packages"},
2025-06-30T20:15:40.8210176Z {"commit": "dd15be7fa929522c501c3aaf9fe91e97bf381c6b", "authorName": "Rushat Gabhane", "subject": "add fallbacks"},
2025-06-30T20:15:40.8211007Z {"commit": "399dd5ff1bfaeec55e9b5bf9c554322c651163d0", "authorName": "Rushat Gabhane", "subject": "add all upcoming lang"},
2025-06-30T20:15:40.8211974Z {"commit": "586c2183e1748312924f5bca2b67ed7c94677a20", "authorName": "Pedro Guerreiro", "subject": "chore: add more logs to the re-authentication process"},
2025-06-30T20:15:40.8212972Z {"commit": "18082b72e97104325b5031b4aa16dcd6b4944ad5", "authorName": "Rushat Gabhane", "subject": "add vacation delegate for submitted action"},
2025-06-30T20:15:40.8214147Z {"commit": "1e590b19c4cc3698931dc811788addec8853aad9", "authorName": "Pedro Guerreiro", "subject": "Merge branch 'main' into pac-guerreiro/fix/missing-credentials-during-reauthentication"},
2025-06-30T20:15:40.8215291Z {"commit": "4be55ed8adbdaf205f2475670cf3febe7e09eaab", "authorName": "Rushat Gabhane", "subject": "use managerOnVacation from OriginalMessage"},
2025-06-30T20:15:40.8216351Z {"commit": "c2c15af6047b092179221455d355a7bda3db5235", "authorName": "Monil Bhavsar", "subject": "Update GetGuideCallAvailabilitySchedule to be of type READ"},
2025-06-30T20:15:40.8217530Z {"commit": "4db489b555a50ff442b6bc78a9b5416421471668", "authorName": "Rushat Gabhane", "subject": "override policy diff warning"},
2025-06-30T20:15:40.8218480Z {"commit": "49014c48c682cf7f47dea65e156322e6f3978e2a", "authorName": "Rushat Gabhane", "subject": "Merge branch 'main' into feat/vacation"},
2025-06-30T20:15:40.8219325Z {"commit": "e31032435c0e38d4dc76ea9990523af8b0bff1cd", "authorName": "Rushat Gabhane", "subject": "fix 63829"},
2025-06-30T20:15:40.8220076Z {"commit": "8a39f0a19ed22e6ba31f0bcf1db33392c2520ec5", "authorName": "Rushat Gabhane", "subject": "cleanup"},
2025-06-30T20:15:40.8220837Z {"commit": "7ec4fbda61eebe3dc4e7ba0fb4aa018ed6fe38f7", "authorName": "Rushat Gabhane", "subject": "fix 63494"},
2025-06-30T20:15:40.8221791Z {"commit": "fdaad5f4050aea913f02e1d1f14997a69e772b17", "authorName": "Sofonias Abathun", "subject": "fix: styles"},
2025-06-30T20:15:40.8222777Z {"commit": "0bc4324f247bdbc166eb69365d81e51a7b6a6c43", "authorName": "Sofonias Abathun", "subject": "feat: implement new design patterns in all search date filters"},
2025-06-30T20:15:40.8224068Z {"commit": "9448faa98f8543a720fbce24f8d01105191fe289", "authorName": "Sofonias Abathun", "subject": "feat: implement new design patterns in the assignee, to, & from search filters"},
2025-06-30T20:15:40.8225102Z {"commit": "846deb4f5c15daf890d50789f39e3bbe80295428", "authorName": "Agata Kosior", "subject": "fix: apply requested change"},
2025-06-30T20:15:40.8226141Z {"commit": "646ee3d0d9d51d6178c8223133a746d335379777", "authorName": "Agata Kosior", "subject": "Merge branch 'main' into fix/63809-disable-drag-and-drop-in-paid-expense"},
2025-06-30T20:15:40.8227194Z {"commit": "c5864c556fdaa655d458d1b61bf9c17c96440188", "authorName": "VH", "subject": "Use already loaded reportActions from parent component"},
2025-06-30T20:15:40.8228256Z {"commit": "82088d8848b6f5ec7c318133121b7c7fdab0dc75", "authorName": "DylanDylann", "subject": "update style"},
2025-06-30T20:15:40.8229052Z {"commit": "3a7f32fdceaba195a8f9bf398716057c776b8e7d", "authorName": "DylanDylann", "subject": "update style on IOS"},
2025-06-30T20:15:40.8229821Z {"commit": "cb5b02c21b7e9592630b9da000d9e9b35e7131a5", "authorName": "DylanDylann", "subject": "mistake"},
2025-06-30T20:15:40.8230550Z {"commit": "af40cba3f8258812ee82f0b4a92bd74d3636cc8d", "authorName": "DylanDylann", "subject": "mistake"},
2025-06-30T20:15:40.8231268Z {"commit": "474a3202850a1592f008d0ac2de2f9b78f188478", "authorName": "DylanDylann", "subject": "mistake"},
2025-06-30T20:15:40.8231981Z {"commit": "36c1bbcc443e5edb4062b183f4d42f60855e6228", "authorName": "DylanDylann", "subject": "mistake"},
2025-06-30T20:15:40.8232793Z {"commit": "54d637039df662b7a4042dc8516f898e098ef72a", "authorName": "DylanDylann", "subject": "improve logic to avoid flicker"},
2025-06-30T20:15:40.8233634Z {"commit": "34af47991fed7445e655fcdad5ab6c7c178d55bf", "authorName": "DylanDylann", "subject": "update condition"},
2025-06-30T20:15:40.8234395Z {"commit": "7b0496079243066c1cc63d073bdb9986861d535b", "authorName": "DylanDylann", "subject": "merge main"},
2025-06-30T20:15:40.8235136Z {"commit": "652d8a1f6e77a2dca264095be1db0d7289fb7db1", "authorName": "DylanDylann", "subject": "merge main"},
2025-06-30T20:15:40.8235967Z {"commit": "97a260fba9d07fd83fdfa848d84816661090f47e", "authorName": "Eduardo", "subject": "Add some logs before Queue is pause"},
2025-06-30T20:15:40.8236769Z {"commit": "831589c48757160a6741472a292e36e15e38a1c3", "authorName": "krishna2323", "subject": "minor update."},
2025-06-30T20:15:40.8237614Z {"commit": "5e6333b4e9836bd9bb002991be5dc60188adcc1a", "authorName": "krishna2323", "subject": "merge main."},
2025-06-30T20:15:40.8237979Z 
2025-06-30T20:15:40.8238531Z {"commit": "1747838fa157b1945df5409a91d0303138dab133", "authorName": "Krishna", "subject": "Merge branch 'Expensify:main' into krishna2323/issue/62036"},
2025-06-30T20:15:40.8239530Z {"commit": "b4c4525766b44244e09c5d714f10aa47b8812686", "authorName": "Rajat Parashar", "subject": "Enable direct taps on private domain buttons"},
2025-06-30T20:15:40.8240376Z {"commit": "39e7a9b3f35896fdc66ef4b175847d291e1f53e3", "authorName": "krishna2323", "subject": "minor fix."},
2025-06-30T20:15:40.8241268Z {"commit": "f3db0c53277c1cf2840bb42f46f2149871a89ce9", "authorName": "krishna2323", "subject": "fix: Reports - No spinner on receipt thumbnail."},
2025-06-30T20:15:40.8241731Z 
2025-06-30T20:15:40.8241846Z [git log] Found 370 commits.
2025-06-30T20:15:40.8242305Z ##[group][git log] Parsed PRs:
2025-06-30T20:15:40.8243882Z [56092,60421,61845,62696,62718,63060,63425,63539,63565,63715,63725,63832,63834,63848,63980,63996,64146,64156,64178,64186,64207,64213,64214,64240,64256,64275,64280,64287,64303,64305,64377,64379,64398,64410,64422,64450,64456,64492,64495,64527,64538,64566,64609,64610,64611,64612,64613,64615,64621,64628,64632,64633,64634,64639,64668,64674,64681,64710,64716,64729,64737,64739,64745,64747,64752,64762,64763,64770,64791,64832,64844,64869,64905,64919,64958,64970]
2025-06-30T20:15:40.8245308Z ##[endgroup]
2025-06-30T20:15:40.8245731Z Getting pull requests merged between the following tags: 9.1.70-7-staging 9.1.71-8-staging
2025-06-30T20:15:43.2194402Z An unknown error occurred! TypeError: Cannot create property 'total_count' on string 'https://api.github.com/repos/Expensify/App-Test-Fork/compare/9.1.70-7-staging...9.1.71-8-staging'
2025-06-30T20:15:43.2196534Z     at normalizePaginatedListResponse (/home/runner/work/App-Test-Fork/App-Test-Fork/.github/actions/javascript/createOrUpdateStagingDeploy/index.js:3249:29)
2025-06-30T20:15:43.2198617Z     at Object.next (/home/runner/work/App-Test-Fork/App-Test-Fork/.github/actions/javascript/createOrUpdateStagingDeploy/index.js:3273:38)
2025-06-30T20:15:43.2200582Z     at async GithubUtils.getCommitHistoryBetweenTags (/home/runner/work/App-Test-Fork/App-Test-Fork/.github/actions/javascript/createOrUpdateStagingDeploy/index.js:12433:29)
2025-06-30T20:15:43.2202814Z     at async Object.getPullRequestsDeployedBetween (/home/runner/work/App-Test-Fork/App-Test-Fork/.github/actions/javascript/createOrUpdateStagingDeploy/index.js:11949:27)
2025-06-30T20:15:43.2204793Z     at async run (/home/runner/work/App-Test-Fork/App-Test-Fork/.github/actions/javascript/createOrUpdateStagingDeploy/index.js:11590:27)
2025-06-30T20:15:43.2228870Z ##[error]TypeError: Cannot create property 'total_count' on string 'https://api.github.com/repos/Expensify/App-Test-Fork/compare/9.1.70-7-staging...9.1.71-8-staging'
2025-06-30T20:15:43.2340322Z Post job cleanup.
2025-06-30T20:15:43.2387798Z Post job cleanup.
2025-06-30T20:15:43.3173862Z [command]/usr/bin/git version
2025-06-30T20:15:43.3207178Z git version 2.49.0
2025-06-30T20:15:43.3248649Z Temporarily overriding HOME='/home/runner/work/_temp/4ea77fc3-4d07-4407-8363-8db9999145c3' before making global git config changes
2025-06-30T20:15:43.3249648Z Adding repository directory to the temporary git global config as a safe directory
2025-06-30T20:15:43.3252549Z [command]/usr/bin/git config --global --add safe.directory /home/runner/work/App-Test-Fork/App-Test-Fork
2025-06-30T20:15:43.3282210Z [command]/usr/bin/git config --local --name-only --get-regexp core\.sshCommand
2025-06-30T20:15:43.3310526Z [command]/usr/bin/git submodule foreach --recursive sh -c "git config --local --name-only --get-regexp 'core\.sshCommand' && git config --local --unset-all 'core.sshCommand' || :"
2025-06-30T20:15:43.3534329Z [command]/usr/bin/git config --local --name-only --get-regexp http\.https\:\/\/github\.com\/\.extraheader
2025-06-30T20:15:43.3554004Z http.https://github.com/.extraheader
2025-06-30T20:15:43.3566220Z [command]/usr/bin/git config --local --unset-all http.https://github.com/.extraheader
2025-06-30T20:15:43.3595193Z [command]/usr/bin/git submodule foreach --recursive sh -c "git config --local --name-only --get-regexp 'http\.https\:\/\/github\.com\/\.extraheader' && git config --local --unset-all 'http.https://github.com/.extraheader' || :"
2025-06-30T20:15:43.3921593Z Cleaning up orphan processes